BENCH row=build col=text_size p50=21102 p99=21102 unit=B n=1 gate=none status=TRACK
# piece_bench quick=0 huge=0 cap=60s corpus=/tmp/edit-corpus power=Charging [AC]
BENCH row=code_1m col=open p50=0.190 p99=1.137 unit=ms n=20 gate=none status=TRACK
BENCH row=code_1m col=first_op p50=0.190 p99=1.143 unit=ms n=20 gate=none status=TRACK
BENCH row=code_1m col=mem_open p50=1056424 p99=1056424 unit=B n=1 gate=p99<=1376256B status=PASS
BENCH row=code_1m col=insert p50=0.414 p99=2.236 unit=us n=1024 gate=p99<=50us status=PASS
BENCH row=code_1m col=delete p50=0.764 p99=2.847 unit=us n=976 gate=p99<=50us status=PASS
BENCH row=code_1m col=peak_mem p50=1274528 p99=1274528 unit=B n=1 gate=p99<=1743143B status=PASS
BENCH row=code_1m col=pieces p50=2981 p99=2981 unit=count n=1 gate=none status=TRACK
BENCH row=code_1m col=read_viewport p50=6.374 p99=9.697 unit=us n=300 gate=none status=TRACK
BENCH row=code_1m col=byte_to_line p50=0.163 p99=0.259 unit=us n=1000 gate=none status=TRACK
BENCH row=code_1m col=line_to_byte p50=0.241 p99=0.634 unit=us n=1000 gate=none status=TRACK

== code_1m ==
col                             p50          p99 unit        n  gate                     status
open                          0.190        1.137 ms         20  none                     TRACK
first_op                      0.190        1.143 ms         20  none                     TRACK
mem_open                1056424.000  1056424.000 B           1  p99<=1376256B            PASS
insert                        0.414        2.236 us       1024  p99<=50us                PASS
delete                        0.764        2.847 us        976  p99<=50us                PASS
peak_mem                1274528.000  1274528.000 B           1  p99<=1743143B            PASS
pieces                     2981.000     2981.000 count       1  none                     TRACK
read_viewport                 6.374        9.697 us        300  none                     TRACK
byte_to_line                  0.163        0.259 us       1000  none                     TRACK
line_to_byte                  0.241        0.634 us       1000  none                     TRACK
context: G5 open warm 6 / 9 ms (s0.2), end-to-end incl. frame; not a gate here
context: UI-thread slice ceiling 0.5 ms (perf s3); per-op gate 50 us (s2.6, inside G1)
BENCH row=log_1g col=open p50=0.054 p99=0.237 unit=ms n=5 gate=none status=TRACK
BENCH row=log_1g col=first_op p50=0.054 p99=0.239 unit=ms n=5 gate=none status=TRACK
BENCH row=log_1g col=mem_open p50=561376 p99=561376 unit=B n=1 gate=p99<=2524288B status=PASS
BENCH row=log_1g col=insert p50=0.282 p99=0.550 unit=us n=1024 gate=p99<=50us status=PASS
BENCH row=log_1g col=delete p50=4.190 p99=16.146 unit=us n=976 gate=p99<=50us status=PASS
BENCH row=log_1g col=peak_mem p50=1077088 p99=1077088 unit=B n=1 gate=p99<=4468167B status=PASS
BENCH row=log_1g col=pieces p50=19408 p99=19408 unit=count n=1 gate=none status=TRACK
BENCH row=log_1g col=read_viewport p50=5.480 p99=7.031 unit=us n=300 gate=none status=TRACK
BENCH row=log_1g col=byte_to_line p50=1.457 p99=2.869 unit=us n=1000 gate=none status=TRACK
BENCH row=log_1g col=line_to_byte p50=2.505 p99=4.931 unit=us n=1000 gate=none status=TRACK

== log_1g ==
col                             p50          p99 unit        n  gate                     status
open                          0.054        0.237 ms          5  none                     TRACK
first_op                      0.054        0.239 ms          5  none                     TRACK
mem_open                 561376.000   561376.000 B           1  p99<=2524288B            PASS
insert                        0.282        0.550 us       1024  p99<=50us                PASS
delete                        4.190       16.146 us        976  p99<=50us                PASS
peak_mem                1077088.000  1077088.000 B           1  p99<=4468167B            PASS
pieces                    19408.000    19408.000 count       1  none                     TRACK
read_viewport                 5.480        7.031 us        300  none                     TRACK
byte_to_line                  1.457        2.869 us       1000  none                     TRACK
line_to_byte                  2.505        4.931 us       1000  none                     TRACK
context: G5 open warm 6 / 9 ms (s0.2), end-to-end incl. frame; not a gate here
context: UI-thread slice ceiling 0.5 ms (perf s3); per-op gate 50 us (s2.6, inside G1)
BENCH row=oneline_1g col=open p50=0.051 p99=0.245 unit=ms n=5 gate=none status=TRACK
BENCH row=oneline_1g col=first_op p50=0.052 p99=0.247 unit=ms n=5 gate=none status=TRACK
BENCH row=oneline_1g col=mem_open p50=561376 p99=561376 unit=B n=1 gate=p99<=2524288B status=PASS
BENCH row=oneline_1g col=insert p50=0.287 p99=0.567 unit=us n=1024 gate=p99<=50us status=PASS
BENCH row=oneline_1g col=delete p50=4.053 p99=11.015 unit=us n=976 gate=p99<=50us status=PASS
BENCH row=oneline_1g col=peak_mem p50=1077088 p99=1077088 unit=B n=1 gate=p99<=4468167B status=PASS
BENCH row=oneline_1g col=pieces p50=19408 p99=19408 unit=count n=1 gate=none status=TRACK
BENCH row=oneline_1g col=read_viewport p50=6.110 p99=17.274 unit=us n=300 gate=none status=TRACK
BENCH row=oneline_1g col=byte_to_line p50=3.071 p99=8.621 unit=us n=1000 gate=none status=TRACK
BENCH row=oneline_1g col=line_to_byte p50=0.186 p99=0.567 unit=us n=1000 gate=none status=TRACK

== oneline_1g ==
col                             p50          p99 unit        n  gate                     status
open                          0.051        0.245 ms          5  none                     TRACK
first_op                      0.052        0.247 ms          5  none                     TRACK
mem_open                 561376.000   561376.000 B           1  p99<=2524288B            PASS
insert                        0.287        0.567 us       1024  p99<=50us                PASS
delete                        4.053       11.015 us        976  p99<=50us                PASS
peak_mem                1077088.000  1077088.000 B           1  p99<=4468167B            PASS
pieces                    19408.000    19408.000 count       1  none                     TRACK
read_viewport                 6.110       17.274 us        300  none                     TRACK
byte_to_line                  3.071        8.621 us       1000  none                     TRACK
line_to_byte                  0.186        0.567 us       1000  none                     TRACK
context: G5 open warm 6 / 9 ms (s0.2), end-to-end incl. frame; not a gate here
context: UI-thread slice ceiling 0.5 ms (perf s3); per-op gate 50 us (s2.6, inside G1)
piece_bench: row oneline_10g SKIP (needs --huge)
BENCH row=oneline_10g col=open p50=0.000 p99=0.000 unit=ns n=0 gate=none status=SKIP

== oneline_10g ==
col                             p50          p99 unit        n  gate                     status
open                          0.000        0.000 ns          0  none                     SKIP
BENCH row=dense_short col=open p50=27.074 p99=29.553 unit=ms n=10 gate=none status=TRACK
BENCH row=dense_short col=first_op p50=27.075 p99=29.569 unit=ms n=10 gate=none status=TRACK
BENCH row=dense_short col=mem_open p50=67204256 p99=67204256 unit=B n=1 gate=p99<=83951616B status=PASS
BENCH row=dense_short col=insert p50=1.020 p99=2.655 unit=us n=1024 gate=p99<=50us status=PASS
BENCH row=dense_short col=delete p50=1.237 p99=2.946 unit=us n=976 gate=p99<=50us status=PASS
BENCH row=dense_short col=peak_mem p50=67400288 p99=67400288 unit=B n=1 gate=p99<=84420935B status=PASS
BENCH row=dense_short col=pieces p50=4048 p99=4048 unit=count n=1 gate=none status=TRACK
BENCH row=dense_short col=read_viewport p50=1.709 p99=1.918 unit=us n=300 gate=none status=TRACK
BENCH row=dense_short col=byte_to_line p50=0.681 p99=2.252 unit=us n=1000 gate=none status=TRACK
BENCH row=dense_short col=line_to_byte p50=2.554 p99=5.259 unit=us n=1000 gate=none status=TRACK

== dense_short ==
col                             p50          p99 unit        n  gate                     status
open                         27.074       29.553 ms         10  none                     TRACK
first_op                     27.075       29.569 ms         10  none                     TRACK
mem_open               67204256.000 67204256.000 B           1  p99<=83951616B           PASS
insert                        1.020        2.655 us       1024  p99<=50us                PASS
delete                        1.237        2.946 us        976  p99<=50us                PASS
peak_mem               67400288.000 67400288.000 B           1  p99<=84420935B           PASS
pieces                     4048.000     4048.000 count       1  none                     TRACK
read_viewport                 1.709        1.918 us        300  none                     TRACK
byte_to_line                  0.681        2.252 us       1000  none                     TRACK
line_to_byte                  2.554        5.259 us       1000  none                     TRACK
context: G5 open warm 6 / 9 ms (s0.2), end-to-end incl. frame; not a gate here
context: UI-thread slice ceiling 0.5 ms (perf s3); per-op gate 50 us (s2.6, inside G1)
BENCH row=random_edits_1e5 col=open p50=0.050 p99=0.244 unit=ms n=3 gate=none status=TRACK
BENCH row=random_edits_1e5 col=first_op p50=0.050 p99=0.246 unit=ms n=3 gate=none status=TRACK
BENCH row=random_edits_1e5 col=mem_open p50=561376 p99=561376 unit=B n=1 gate=p99<=2524288B status=PASS
BENCH row=random_edits_1e5 col=batch_total p50=51.309 p99=103.249 unit=ms n=3 gate=none status=TRACK
BENCH row=random_edits_1e5 col=insert p50=0.230 p99=0.415 unit=us n=49906 gate=p99<=50us status=PASS
BENCH row=random_edits_1e5 col=delete p50=0.583 p99=1.462 unit=us n=50094 gate=p99<=50us status=PASS
BENCH row=random_edits_1e5 col=peak_mem p50=10640032 p99=10640032 unit=B n=1 gate=p99<=22557404B status=PASS
BENCH row=random_edits_1e5 col=pieces p50=166197 p99=166197 unit=count n=1 gate=none status=TRACK
BENCH row=random_edits_1e5 col=read_viewport p50=3.406 p99=8.241 unit=us n=300 gate=none status=TRACK
BENCH row=random_edits_1e5 col=byte_to_line p50=0.906 p99=2.174 unit=us n=1000 gate=none status=TRACK
BENCH row=random_edits_1e5 col=line_to_byte p50=1.269 p99=3.242 unit=us n=1000 gate=none status=TRACK

== random_edits_1e5 ==
col                             p50          p99 unit        n  gate                     status
open                          0.050        0.244 ms          3  none                     TRACK
first_op                      0.050        0.246 ms          3  none                     TRACK
mem_open                 561376.000   561376.000 B           1  p99<=2524288B            PASS
batch_total                  51.309      103.249 ms          3  none                     TRACK
insert                        0.230        0.415 us      49906  p99<=50us                PASS
delete                        0.583        1.462 us      50094  p99<=50us                PASS
peak_mem               10640032.000 10640032.000 B           1  p99<=22557404B           PASS
pieces                   166197.000   166197.000 count       1  none                     TRACK
read_viewport                 3.406        8.241 us        300  none                     TRACK
byte_to_line                  0.906        2.174 us       1000  none                     TRACK
line_to_byte                  1.269        3.242 us       1000  none                     TRACK
context: UI-thread slice ceiling 0.5 ms (perf s3); per-op gate 50 us (s2.6, inside G1)
note: batch_total gate (G9) includes a full frame; kernel passing is necessary, not sufficient
BENCH row=typing_1e4 col=open p50=0.391 p99=0.478 unit=ms n=3 gate=none status=TRACK
BENCH row=typing_1e4 col=first_op p50=0.394 p99=0.480 unit=ms n=3 gate=none status=TRACK
BENCH row=typing_1e4 col=mem_open p50=1056424 p99=1056424 unit=B n=1 gate=p99<=1376256B status=PASS
BENCH row=typing_1e4 col=batch_total p50=0.702 p99=0.802 unit=ms n=11 gate=none status=TRACK
BENCH row=typing_1e4 col=insert p50=0.036 p99=0.102 unit=us n=9474 gate=p99<=50us status=PASS
BENCH row=typing_1e4 col=delete p50=0.195 p99=0.258 unit=us n=526 gate=p99<=50us status=PASS
BENCH row=typing_1e4 col=peak_mem p50=1209056 p99=1209056 unit=B n=1 gate=p99<=1434452B status=PASS
BENCH row=typing_1e4 col=pieces p50=476 p99=476 unit=count n=1 gate=none status=TRACK
BENCH row=typing_1e4 col=read_viewport p50=2.459 p99=7.752 unit=us n=300 gate=none status=TRACK
BENCH row=typing_1e4 col=byte_to_line p50=0.739 p99=1.381 unit=us n=1000 gate=none status=TRACK
BENCH row=typing_1e4 col=line_to_byte p50=1.362 p99=2.709 unit=us n=1000 gate=none status=TRACK

== typing_1e4 ==
col                             p50          p99 unit        n  gate                     status
open                          0.391        0.478 ms          3  none                     TRACK
first_op                      0.394        0.480 ms          3  none                     TRACK
mem_open                1056424.000  1056424.000 B           1  p99<=1376256B            PASS
batch_total                   0.702        0.802 ms         11  none                     TRACK
insert                        0.036        0.102 us       9474  p99<=50us                PASS
delete                        0.195        0.258 us        526  p99<=50us                PASS
peak_mem                1209056.000  1209056.000 B           1  p99<=1434452B            PASS
pieces                      476.000      476.000 count       1  none                     TRACK
read_viewport                 2.459        7.752 us        300  none                     TRACK
byte_to_line                  0.739        1.381 us       1000  none                     TRACK
line_to_byte                  1.362        2.709 us       1000  none                     TRACK
context: UI-thread slice ceiling 0.5 ms (perf s3); per-op gate 50 us (s2.6, inside G1)
note: batch_total gate (G9) includes a full frame; kernel passing is necessary, not sufficient
BENCH row=undo_1e4 col=open p50=0.052 p99=0.252 unit=ms n=3 gate=none status=TRACK
BENCH row=undo_1e4 col=first_op p50=0.052 p99=0.255 unit=ms n=3 gate=none status=TRACK
BENCH row=undo_1e4 col=mem_open p50=561376 p99=561376 unit=B n=1 gate=p99<=2524288B status=PASS
BENCH row=undo_1e4 col=batch_total p50=7.049 p99=32.644 unit=ms n=11 gate=p50<=63ms,p99<=84ms status=PASS
BENCH row=undo_1e4 col=delete p50=0.402 p99=0.816 unit=us n=10000 gate=p99<=50us status=PASS
BENCH row=undo_1e4 col=insert_ref p50=0.176 p99=0.258 unit=us n=10000 gate=none status=TRACK
BENCH row=undo_1e4 col=peak_mem p50=1993952 p99=1993952 unit=B n=1 gate=p99<=6422472B status=PASS
BENCH row=undo_1e4 col=pieces p50=36383 p99=36383 unit=count n=1 gate=none status=TRACK
BENCH row=undo_1e4 col=read_viewport p50=3.040 p99=3.891 unit=us n=300 gate=none status=TRACK
BENCH row=undo_1e4 col=byte_to_line p50=1.394 p99=3.036 unit=us n=1000 gate=none status=TRACK
BENCH row=undo_1e4 col=line_to_byte p50=2.117 p99=4.527 unit=us n=1000 gate=none status=TRACK

== undo_1e4 ==
col                             p50          p99 unit        n  gate                     status
open                          0.052        0.252 ms          3  none                     TRACK
first_op                      0.052        0.255 ms          3  none                     TRACK
mem_open                 561376.000   561376.000 B           1  p99<=2524288B            PASS
batch_total                   7.049       32.644 ms         11  p50<=63ms,p99<=84ms      PASS
delete                        0.402        0.816 us      10000  p99<=50us                PASS
insert_ref                    0.176        0.258 us      10000  none                     TRACK
peak_mem                1993952.000  1993952.000 B           1  p99<=6422472B            PASS
pieces                    36383.000    36383.000 count       1  none                     TRACK
read_viewport                 3.040        3.891 us        300  none                     TRACK
byte_to_line                  1.394        3.036 us       1000  none                     TRACK
line_to_byte                  2.117        4.527 us       1000  none                     TRACK
context: UI-thread slice ceiling 0.5 ms (perf s3); per-op gate 50 us (s2.6, inside G1)
note: batch_total gate (G9) includes a full frame; kernel passing is necessary, not sufficient
BENCH row=undo_1e5 col=open p50=0.060 p99=0.264 unit=ms n=3 gate=none status=TRACK
BENCH row=undo_1e5 col=first_op p50=0.060 p99=0.267 unit=ms n=3 gate=none status=TRACK
BENCH row=undo_1e5 col=mem_open p50=561376 p99=561376 unit=B n=1 gate=p99<=2524288B status=PASS
BENCH row=undo_1e5 col=batch_total p50=95.138 p99=144.655 unit=ms n=3 gate=none status=TRACK
BENCH row=undo_1e5 col=delete p50=0.432 p99=0.681 unit=us n=100000 gate=p99<=50us status=PASS
BENCH row=undo_1e5 col=insert_ref p50=0.192 p99=0.289 unit=us n=100000 gate=none status=TRACK
BENCH row=undo_1e5 col=peak_mem p50=12866080 p99=12866080 unit=B n=1 gate=p99<=27382626B status=PASS
BENCH row=undo_1e5 col=pieces p50=216360 p99=216360 unit=count n=1 gate=none status=TRACK
BENCH row=undo_1e5 col=read_viewport p50=5.864 p99=9.544 unit=us n=300 gate=none status=TRACK
BENCH row=undo_1e5 col=byte_to_line p50=1.057 p99=2.867 unit=us n=1000 gate=none status=TRACK
BENCH row=undo_1e5 col=line_to_byte p50=1.523 p99=4.421 unit=us n=1000 gate=none status=TRACK

== undo_1e5 ==
col                             p50          p99 unit        n  gate                     status
open                          0.060        0.264 ms          3  none                     TRACK
first_op                      0.060        0.267 ms          3  none                     TRACK
mem_open                 561376.000   561376.000 B           1  p99<=2524288B            PASS
batch_total                  95.138      144.655 ms          3  none                     TRACK
delete                        0.432        0.681 us     100000  p99<=50us                PASS
insert_ref                    0.192        0.289 us     100000  none                     TRACK
peak_mem               12866080.000 12866080.000 B           1  p99<=27382626B           PASS
pieces                   216360.000   216360.000 count       1  none                     TRACK
read_viewport                 5.864        9.544 us        300  none                     TRACK
byte_to_line                  1.057        2.867 us       1000  none                     TRACK
line_to_byte                  1.523        4.421 us       1000  none                     TRACK
context: UI-thread slice ceiling 0.5 ms (perf s3); per-op gate 50 us (s2.6, inside G1)
note: batch_total gate (G9) includes a full frame; kernel passing is necessary, not sufficient
BENCH row=paste_1m col=paste_1m p50=0.075 p99=0.901 unit=ms n=20 gate=p50<=5ms,p99<=15ms status=PASS
BENCH row=paste_1m col=peak_mem p50=2192224 p99=2192224 unit=B n=1 gate=p99<=2690144B status=PASS
BENCH row=paste_1m col=pieces p50=33 p99=33 unit=count n=1 gate=none status=TRACK

== paste_1m ==
col                             p50          p99 unit        n  gate                     status
paste_1m                      0.075        0.901 ms         20  p50<=5ms,p99<=15ms       PASS
peak_mem                2192224.000  2192224.000 B           1  p99<=2690144B            PASS
pieces                       33.000       33.000 count       1  none                     TRACK
note: G9 1 MB paste 5 / 15 ms includes a full frame; kernel passing is necessary, not sufficient
BENCH row=snapshots_100 col=insert p50=0.461 p99=2.212 unit=us n=4967 gate=p99<=50us status=PASS
BENCH row=snapshots_100 col=delete p50=0.833 p99=30.328 unit=us n=5033 gate=p99<=50us status=PASS
BENCH row=snapshots_100 col=snapshot_take p50=0.056 p99=0.094 unit=us n=100 gate=none status=TRACK
BENCH row=snapshots_100 col=read_viewport p50=7.629 p99=18.749 unit=us n=100 gate=none status=TRACK
BENCH row=snapshots_100 col=peak_mem p50=8083872 p99=8083872 unit=B n=1 gate=none status=TRACK
BENCH row=snapshots_100 col=pathcopy_ref p50=19200000 p99=19200000 unit=B n=1 gate=none status=TRACK
BENCH row=snapshots_100 col=pieces p50=13882 p99=13882 unit=count n=1 gate=none status=TRACK
BENCH row=snapshots_100 col=snapshot_release_all p50=0.604 p99=0.604 unit=ms n=1 gate=none status=TRACK

== snapshots_100 ==
col                             p50          p99 unit        n  gate                     status
insert                        0.461        2.212 us       4967  p99<=50us                PASS
delete                        0.833       30.328 us       5033  p99<=50us                PASS
snapshot_take                 0.056        0.094 us        100  none                     TRACK
read_viewport                 7.629       18.749 us        100  none                     TRACK
peak_mem                8083872.000  8083872.000 B           1  none                     TRACK
pathcopy_ref           19200000.000 19200000.000 B           1  none                     TRACK
pieces                    13882.000    13882.000 count       1  none                     TRACK
snapshot_release_all          0.604        0.604 ms          1  none                     TRACK
context: UI-thread slice ceiling 0.5 ms (perf s3); per-op gate 50 us (s2.6, inside G1)
context: pathcopy_ref = 1920 B per edit while a snapshot is live (perf s2.6); peak_mem is TRACK, not gated
BENCH row=line_jump_1e7 col=open p50=0.065 p99=0.278 unit=ms n=5 gate=none status=TRACK
BENCH row=line_jump_1e7 col=line_to_byte_first p50=49.758 p99=71.672 unit=ms n=5 gate=p50<=30ms,p99<=50ms status=MISS
BENCH row=line_jump_1e7 col=line_to_byte p50=0.000 p99=0.000 unit=ms n=200 gate=none status=TRACK
BENCH row=line_jump_1e7 col=byte_to_line p50=0.002 p99=0.003 unit=ms n=200 gate=none status=TRACK

== line_jump_1e7 ==
col                             p50          p99 unit        n  gate                     status
open                          0.065        0.278 ms          5  none                     TRACK
line_to_byte_first           49.758       71.672 ms          5  p50<=30ms,p99<=50ms      MISS
line_to_byte                  0.000        0.000 ms        200  none                     TRACK
byte_to_line                  0.002        0.003 ms        200  none                     TRACK
context: G7j unindexed jump 30 / 50 ms is Target A, warm, [AC, prov]; this box is on battery
# piece_bench GATE MISS
