BENCH row=build col=text_size p50=21102 p99=21102 unit=B n=1 gate=none status=TRACK
# piece_bench quick=0 huge=0 cap=60s corpus=/tmp/edit-corpus power=Charging [AC]
BENCH row=code_1m col=open p50=0.146 p99=0.731 unit=ms n=20 gate=none status=TRACK
BENCH row=code_1m col=first_op p50=0.146 p99=0.735 unit=ms n=20 gate=none status=TRACK
BENCH row=code_1m col=mem_open p50=1056424 p99=1056424 unit=B n=1 gate=p99<=1376256B status=PASS
BENCH row=code_1m col=insert p50=0.276 p99=1.581 unit=us n=1024 gate=p99<=50us status=PASS
BENCH row=code_1m col=delete p50=0.504 p99=1.801 unit=us n=976 gate=p99<=50us status=PASS
BENCH row=code_1m col=peak_mem p50=1274528 p99=1274528 unit=B n=1 gate=p99<=1743143B status=PASS
BENCH row=code_1m col=pieces p50=2981 p99=2981 unit=count n=1 gate=none status=TRACK
BENCH row=code_1m col=read_viewport p50=4.528 p99=7.714 unit=us n=300 gate=none status=TRACK
BENCH row=code_1m col=byte_to_line p50=0.118 p99=0.185 unit=us n=1000 gate=none status=TRACK
BENCH row=code_1m col=line_to_byte p50=0.174 p99=0.470 unit=us n=1000 gate=none status=TRACK

== code_1m ==
col                             p50          p99 unit        n  gate                     status
open                          0.146        0.731 ms         20  none                     TRACK
first_op                      0.146        0.735 ms         20  none                     TRACK
mem_open                1056424.000  1056424.000 B           1  p99<=1376256B            PASS
insert                        0.276        1.581 us       1024  p99<=50us                PASS
delete                        0.504        1.801 us        976  p99<=50us                PASS
peak_mem                1274528.000  1274528.000 B           1  p99<=1743143B            PASS
pieces                     2981.000     2981.000 count       1  none                     TRACK
read_viewport                 4.528        7.714 us        300  none                     TRACK
byte_to_line                  0.118        0.185 us       1000  none                     TRACK
line_to_byte                  0.174        0.470 us       1000  none                     TRACK
context: G5 open warm 6 / 9 ms (s0.2), end-to-end incl. frame; not a gate here
context: UI-thread slice ceiling 0.5 ms (perf s3); per-op gate 50 us (s2.6, inside G1)
BENCH row=log_1g col=open p50=0.059 p99=0.262 unit=ms n=5 gate=none status=TRACK
BENCH row=log_1g col=first_op p50=0.060 p99=0.265 unit=ms n=5 gate=none status=TRACK
BENCH row=log_1g col=mem_open p50=561376 p99=561376 unit=B n=1 gate=p99<=2524288B status=PASS
BENCH row=log_1g col=insert p50=0.297 p99=0.601 unit=us n=1024 gate=p99<=50us status=PASS
BENCH row=log_1g col=delete p50=4.378 p99=11.748 unit=us n=976 gate=p99<=50us status=PASS
BENCH row=log_1g col=peak_mem p50=1077088 p99=1077088 unit=B n=1 gate=p99<=4468167B status=PASS
BENCH row=log_1g col=pieces p50=19408 p99=19408 unit=count n=1 gate=none status=TRACK
BENCH row=log_1g col=read_viewport p50=3.133 p99=8.266 unit=us n=300 gate=none status=TRACK
BENCH row=log_1g col=byte_to_line p50=1.510 p99=3.041 unit=us n=1000 gate=none status=TRACK
BENCH row=log_1g col=line_to_byte p50=2.647 p99=5.319 unit=us n=1000 gate=none status=TRACK

== log_1g ==
col                             p50          p99 unit        n  gate                     status
open                          0.059        0.262 ms          5  none                     TRACK
first_op                      0.060        0.265 ms          5  none                     TRACK
mem_open                 561376.000   561376.000 B           1  p99<=2524288B            PASS
insert                        0.297        0.601 us       1024  p99<=50us                PASS
delete                        4.378       11.748 us        976  p99<=50us                PASS
peak_mem                1077088.000  1077088.000 B           1  p99<=4468167B            PASS
pieces                    19408.000    19408.000 count       1  none                     TRACK
read_viewport                 3.133        8.266 us        300  none                     TRACK
byte_to_line                  1.510        3.041 us       1000  none                     TRACK
line_to_byte                  2.647        5.319 us       1000  none                     TRACK
context: G5 open warm 6 / 9 ms (s0.2), end-to-end incl. frame; not a gate here
context: UI-thread slice ceiling 0.5 ms (perf s3); per-op gate 50 us (s2.6, inside G1)
BENCH row=oneline_1g col=open p50=0.059 p99=0.270 unit=ms n=5 gate=none status=TRACK
BENCH row=oneline_1g col=first_op p50=0.059 p99=0.273 unit=ms n=5 gate=none status=TRACK
BENCH row=oneline_1g col=mem_open p50=561376 p99=561376 unit=B n=1 gate=p99<=2524288B status=PASS
BENCH row=oneline_1g col=insert p50=0.297 p99=0.608 unit=us n=1024 gate=p99<=50us status=PASS
BENCH row=oneline_1g col=delete p50=4.142 p99=9.258 unit=us n=976 gate=p99<=50us status=PASS
BENCH row=oneline_1g col=peak_mem p50=1077088 p99=1077088 unit=B n=1 gate=p99<=4468167B status=PASS
BENCH row=oneline_1g col=pieces p50=19408 p99=19408 unit=count n=1 gate=none status=TRACK
BENCH row=oneline_1g col=read_viewport p50=3.914 p99=13.366 unit=us n=300 gate=none status=TRACK
BENCH row=oneline_1g col=byte_to_line p50=1.529 p99=3.225 unit=us n=1000 gate=none status=TRACK
BENCH row=oneline_1g col=line_to_byte p50=0.123 p99=0.421 unit=us n=1000 gate=none status=TRACK

== oneline_1g ==
col                             p50          p99 unit        n  gate                     status
open                          0.059        0.270 ms          5  none                     TRACK
first_op                      0.059        0.273 ms          5  none                     TRACK
mem_open                 561376.000   561376.000 B           1  p99<=2524288B            PASS
insert                        0.297        0.608 us       1024  p99<=50us                PASS
delete                        4.142        9.258 us        976  p99<=50us                PASS
peak_mem                1077088.000  1077088.000 B           1  p99<=4468167B            PASS
pieces                    19408.000    19408.000 count       1  none                     TRACK
read_viewport                 3.914       13.366 us        300  none                     TRACK
byte_to_line                  1.529        3.225 us       1000  none                     TRACK
line_to_byte                  0.123        0.421 us       1000  none                     TRACK
context: G5 open warm 6 / 9 ms (s0.2), end-to-end incl. frame; not a gate here
context: UI-thread slice ceiling 0.5 ms (perf s3); per-op gate 50 us (s2.6, inside G1)
piece_bench: row oneline_10g SKIP (needs --huge)
BENCH row=oneline_10g col=open p50=0.000 p99=0.000 unit=ns n=0 gate=none status=SKIP

== oneline_10g ==
col                             p50          p99 unit        n  gate                     status
open                          0.000        0.000 ns          0  none                     SKIP
BENCH row=dense_short col=open p50=26.999 p99=29.218 unit=ms n=10 gate=none status=TRACK
BENCH row=dense_short col=first_op p50=27.000 p99=29.233 unit=ms n=10 gate=none status=TRACK
BENCH row=dense_short col=mem_open p50=67204256 p99=67204256 unit=B n=1 gate=p99<=83951616B status=PASS
BENCH row=dense_short col=insert p50=1.011 p99=2.701 unit=us n=1024 gate=p99<=50us status=PASS
BENCH row=dense_short col=delete p50=1.250 p99=3.092 unit=us n=976 gate=p99<=50us status=PASS
BENCH row=dense_short col=peak_mem p50=67400288 p99=67400288 unit=B n=1 gate=p99<=84420935B status=PASS
BENCH row=dense_short col=pieces p50=4048 p99=4048 unit=count n=1 gate=none status=TRACK
BENCH row=dense_short col=read_viewport p50=1.703 p99=1.836 unit=us n=300 gate=none status=TRACK
BENCH row=dense_short col=byte_to_line p50=0.680 p99=2.319 unit=us n=1000 gate=none status=TRACK
BENCH row=dense_short col=line_to_byte p50=2.501 p99=5.269 unit=us n=1000 gate=none status=TRACK

== dense_short ==
col                             p50          p99 unit        n  gate                     status
open                         26.999       29.218 ms         10  none                     TRACK
first_op                     27.000       29.233 ms         10  none                     TRACK
mem_open               67204256.000 67204256.000 B           1  p99<=83951616B           PASS
insert                        1.011        2.701 us       1024  p99<=50us                PASS
delete                        1.250        3.092 us        976  p99<=50us                PASS
peak_mem               67400288.000 67400288.000 B           1  p99<=84420935B           PASS
pieces                     4048.000     4048.000 count       1  none                     TRACK
read_viewport                 1.703        1.836 us        300  none                     TRACK
byte_to_line                  0.680        2.319 us       1000  none                     TRACK
line_to_byte                  2.501        5.269 us       1000  none                     TRACK
context: G5 open warm 6 / 9 ms (s0.2), end-to-end incl. frame; not a gate here
context: UI-thread slice ceiling 0.5 ms (perf s3); per-op gate 50 us (s2.6, inside G1)
BENCH row=random_edits_1e5 col=open p50=0.049 p99=0.242 unit=ms n=3 gate=none status=TRACK
BENCH row=random_edits_1e5 col=first_op p50=0.050 p99=0.245 unit=ms n=3 gate=none status=TRACK
BENCH row=random_edits_1e5 col=mem_open p50=561376 p99=561376 unit=B n=1 gate=p99<=2524288B status=PASS
BENCH row=random_edits_1e5 col=batch_total p50=51.284 p99=102.442 unit=ms n=3 gate=none status=TRACK
BENCH row=random_edits_1e5 col=insert p50=0.230 p99=0.554 unit=us n=49906 gate=p99<=50us status=PASS
BENCH row=random_edits_1e5 col=delete p50=0.581 p99=1.455 unit=us n=50094 gate=p99<=50us status=PASS
BENCH row=random_edits_1e5 col=peak_mem p50=10640032 p99=10640032 unit=B n=1 gate=p99<=22557404B status=PASS
BENCH row=random_edits_1e5 col=pieces p50=166197 p99=166197 unit=count n=1 gate=none status=TRACK
BENCH row=random_edits_1e5 col=read_viewport p50=5.569 p99=11.743 unit=us n=300 gate=none status=TRACK
BENCH row=random_edits_1e5 col=byte_to_line p50=1.035 p99=2.930 unit=us n=1000 gate=none status=TRACK
BENCH row=random_edits_1e5 col=line_to_byte p50=1.451 p99=3.974 unit=us n=1000 gate=none status=TRACK

== random_edits_1e5 ==
col                             p50          p99 unit        n  gate                     status
open                          0.049        0.242 ms          3  none                     TRACK
first_op                      0.050        0.245 ms          3  none                     TRACK
mem_open                 561376.000   561376.000 B           1  p99<=2524288B            PASS
batch_total                  51.284      102.442 ms          3  none                     TRACK
insert                        0.230        0.554 us      49906  p99<=50us                PASS
delete                        0.581        1.455 us      50094  p99<=50us                PASS
peak_mem               10640032.000 10640032.000 B           1  p99<=22557404B           PASS
pieces                   166197.000   166197.000 count       1  none                     TRACK
read_viewport                 5.569       11.743 us        300  none                     TRACK
byte_to_line                  1.035        2.930 us       1000  none                     TRACK
line_to_byte                  1.451        3.974 us       1000  none                     TRACK
context: UI-thread slice ceiling 0.5 ms (perf s3); per-op gate 50 us (s2.6, inside G1)
note: batch_total gate (G9) includes a full frame; kernel passing is necessary, not sufficient
BENCH row=typing_1e4 col=open p50=0.833 p99=0.923 unit=ms n=3 gate=none status=TRACK
BENCH row=typing_1e4 col=first_op p50=0.837 p99=0.928 unit=ms n=3 gate=none status=TRACK
BENCH row=typing_1e4 col=mem_open p50=1056424 p99=1056424 unit=B n=1 gate=p99<=1376256B status=PASS
BENCH row=typing_1e4 col=batch_total p50=1.327 p99=1.451 unit=ms n=11 gate=none status=TRACK
BENCH row=typing_1e4 col=insert p50=0.042 p99=0.122 unit=us n=9474 gate=p99<=50us status=PASS
BENCH row=typing_1e4 col=delete p50=0.229 p99=0.299 unit=us n=526 gate=p99<=50us status=PASS
BENCH row=typing_1e4 col=peak_mem p50=1209056 p99=1209056 unit=B n=1 gate=p99<=1434452B status=PASS
BENCH row=typing_1e4 col=pieces p50=476 p99=476 unit=count n=1 gate=none status=TRACK
BENCH row=typing_1e4 col=read_viewport p50=2.485 p99=8.101 unit=us n=300 gate=none status=TRACK
BENCH row=typing_1e4 col=byte_to_line p50=0.722 p99=1.320 unit=us n=1000 gate=none status=TRACK
BENCH row=typing_1e4 col=line_to_byte p50=1.070 p99=1.963 unit=us n=1000 gate=none status=TRACK

== typing_1e4 ==
col                             p50          p99 unit        n  gate                     status
open                          0.833        0.923 ms          3  none                     TRACK
first_op                      0.837        0.928 ms          3  none                     TRACK
mem_open                1056424.000  1056424.000 B           1  p99<=1376256B            PASS
batch_total                   1.327        1.451 ms         11  none                     TRACK
insert                        0.042        0.122 us       9474  p99<=50us                PASS
delete                        0.229        0.299 us        526  p99<=50us                PASS
peak_mem                1209056.000  1209056.000 B           1  p99<=1434452B            PASS
pieces                      476.000      476.000 count       1  none                     TRACK
read_viewport                 2.485        8.101 us        300  none                     TRACK
byte_to_line                  0.722        1.320 us       1000  none                     TRACK
line_to_byte                  1.070        1.963 us       1000  none                     TRACK
context: UI-thread slice ceiling 0.5 ms (perf s3); per-op gate 50 us (s2.6, inside G1)
note: batch_total gate (G9) includes a full frame; kernel passing is necessary, not sufficient
BENCH row=undo_1e4 col=open p50=0.050 p99=0.233 unit=ms n=3 gate=none status=TRACK
BENCH row=undo_1e4 col=first_op p50=0.050 p99=0.237 unit=ms n=3 gate=none status=TRACK
BENCH row=undo_1e4 col=mem_open p50=561376 p99=561376 unit=B n=1 gate=p99<=2524288B status=PASS
BENCH row=undo_1e4 col=batch_total p50=6.816 p99=32.479 unit=ms n=11 gate=p50<=63ms,p99<=84ms status=PASS
BENCH row=undo_1e4 col=delete p50=0.403 p99=1.196 unit=us n=10000 gate=p99<=50us status=PASS
BENCH row=undo_1e4 col=insert_ref p50=0.176 p99=0.256 unit=us n=10000 gate=none status=TRACK
BENCH row=undo_1e4 col=peak_mem p50=1993952 p99=1993952 unit=B n=1 gate=p99<=6422472B status=PASS
BENCH row=undo_1e4 col=pieces p50=36383 p99=36383 unit=count n=1 gate=none status=TRACK
BENCH row=undo_1e4 col=read_viewport p50=5.046 p99=8.389 unit=us n=300 gate=none status=TRACK
BENCH row=undo_1e4 col=byte_to_line p50=1.638 p99=3.698 unit=us n=1000 gate=none status=TRACK
BENCH row=undo_1e4 col=line_to_byte p50=2.465 p99=5.823 unit=us n=1000 gate=none status=TRACK

== undo_1e4 ==
col                             p50          p99 unit        n  gate                     status
open                          0.050        0.233 ms          3  none                     TRACK
first_op                      0.050        0.237 ms          3  none                     TRACK
mem_open                 561376.000   561376.000 B           1  p99<=2524288B            PASS
batch_total                   6.816       32.479 ms         11  p50<=63ms,p99<=84ms      PASS
delete                        0.403        1.196 us      10000  p99<=50us                PASS
insert_ref                    0.176        0.256 us      10000  none                     TRACK
peak_mem                1993952.000  1993952.000 B           1  p99<=6422472B            PASS
pieces                    36383.000    36383.000 count       1  none                     TRACK
read_viewport                 5.046        8.389 us        300  none                     TRACK
byte_to_line                  1.638        3.698 us       1000  none                     TRACK
line_to_byte                  2.465        5.823 us       1000  none                     TRACK
context: UI-thread slice ceiling 0.5 ms (perf s3); per-op gate 50 us (s2.6, inside G1)
note: batch_total gate (G9) includes a full frame; kernel passing is necessary, not sufficient
BENCH row=undo_1e5 col=open p50=0.085 p99=0.394 unit=ms n=3 gate=none status=TRACK
BENCH row=undo_1e5 col=first_op p50=0.086 p99=0.399 unit=ms n=3 gate=none status=TRACK
BENCH row=undo_1e5 col=mem_open p50=561376 p99=561376 unit=B n=1 gate=p99<=2524288B status=PASS
BENCH row=undo_1e5 col=batch_total p50=87.041 p99=143.731 unit=ms n=3 gate=none status=TRACK
BENCH row=undo_1e5 col=delete p50=0.428 p99=0.814 unit=us n=100000 gate=p99<=50us status=PASS
BENCH row=undo_1e5 col=insert_ref p50=0.190 p99=0.294 unit=us n=100000 gate=none status=TRACK
BENCH row=undo_1e5 col=peak_mem p50=12866080 p99=12866080 unit=B n=1 gate=p99<=27382626B status=PASS
BENCH row=undo_1e5 col=pieces p50=216360 p99=216360 unit=count n=1 gate=none status=TRACK
BENCH row=undo_1e5 col=read_viewport p50=3.634 p99=6.202 unit=us n=300 gate=none status=TRACK
BENCH row=undo_1e5 col=byte_to_line p50=0.916 p99=2.068 unit=us n=1000 gate=none status=TRACK
BENCH row=undo_1e5 col=line_to_byte p50=1.317 p99=3.536 unit=us n=1000 gate=none status=TRACK

== undo_1e5 ==
col                             p50          p99 unit        n  gate                     status
open                          0.085        0.394 ms          3  none                     TRACK
first_op                      0.086        0.399 ms          3  none                     TRACK
mem_open                 561376.000   561376.000 B           1  p99<=2524288B            PASS
batch_total                  87.041      143.731 ms          3  none                     TRACK
delete                        0.428        0.814 us     100000  p99<=50us                PASS
insert_ref                    0.190        0.294 us     100000  none                     TRACK
peak_mem               12866080.000 12866080.000 B           1  p99<=27382626B           PASS
pieces                   216360.000   216360.000 count       1  none                     TRACK
read_viewport                 3.634        6.202 us        300  none                     TRACK
byte_to_line                  0.916        2.068 us       1000  none                     TRACK
line_to_byte                  1.317        3.536 us       1000  none                     TRACK
context: UI-thread slice ceiling 0.5 ms (perf s3); per-op gate 50 us (s2.6, inside G1)
note: batch_total gate (G9) includes a full frame; kernel passing is necessary, not sufficient
BENCH row=paste_1m col=paste_1m p50=0.076 p99=0.952 unit=ms n=20 gate=p50<=5ms,p99<=15ms status=PASS
BENCH row=paste_1m col=peak_mem p50=2192224 p99=2192224 unit=B n=1 gate=p99<=2690144B status=PASS
BENCH row=paste_1m col=pieces p50=33 p99=33 unit=count n=1 gate=none status=TRACK

== paste_1m ==
col                             p50          p99 unit        n  gate                     status
paste_1m                      0.076        0.952 ms         20  p50<=5ms,p99<=15ms       PASS
peak_mem                2192224.000  2192224.000 B           1  p99<=2690144B            PASS
pieces                       33.000       33.000 count       1  none                     TRACK
note: G9 1 MB paste 5 / 15 ms includes a full frame; kernel passing is necessary, not sufficient
BENCH row=snapshots_100 col=insert p50=0.306 p99=1.461 unit=us n=4967 gate=p99<=50us status=PASS
BENCH row=snapshots_100 col=delete p50=0.553 p99=19.263 unit=us n=5033 gate=p99<=50us status=PASS
BENCH row=snapshots_100 col=snapshot_take p50=0.034 p99=0.110 unit=us n=100 gate=none status=TRACK
BENCH row=snapshots_100 col=read_viewport p50=5.501 p99=9.966 unit=us n=100 gate=none status=TRACK
BENCH row=snapshots_100 col=peak_mem p50=8083872 p99=8083872 unit=B n=1 gate=none status=TRACK
BENCH row=snapshots_100 col=pathcopy_ref p50=19200000 p99=19200000 unit=B n=1 gate=none status=TRACK
BENCH row=snapshots_100 col=pieces p50=13882 p99=13882 unit=count n=1 gate=none status=TRACK
BENCH row=snapshots_100 col=snapshot_release_all p50=0.577 p99=0.577 unit=ms n=1 gate=none status=TRACK

== snapshots_100 ==
col                             p50          p99 unit        n  gate                     status
insert                        0.306        1.461 us       4967  p99<=50us                PASS
delete                        0.553       19.263 us       5033  p99<=50us                PASS
snapshot_take                 0.034        0.110 us        100  none                     TRACK
read_viewport                 5.501        9.966 us        100  none                     TRACK
peak_mem                8083872.000  8083872.000 B           1  none                     TRACK
pathcopy_ref           19200000.000 19200000.000 B           1  none                     TRACK
pieces                    13882.000    13882.000 count       1  none                     TRACK
snapshot_release_all          0.577        0.577 ms          1  none                     TRACK
context: UI-thread slice ceiling 0.5 ms (perf s3); per-op gate 50 us (s2.6, inside G1)
context: pathcopy_ref = 1920 B per edit while a snapshot is live (perf s2.6); peak_mem is TRACK, not gated
BENCH row=line_jump_1e7 col=open p50=0.054 p99=0.265 unit=ms n=5 gate=none status=TRACK
BENCH row=line_jump_1e7 col=line_to_byte_first p50=32.540 p99=60.285 unit=ms n=5 gate=p50<=30ms,p99<=50ms status=MISS
BENCH row=line_jump_1e7 col=line_to_byte p50=0.000 p99=0.000 unit=ms n=200 gate=none status=TRACK
BENCH row=line_jump_1e7 col=byte_to_line p50=0.002 p99=0.003 unit=ms n=200 gate=none status=TRACK

== line_jump_1e7 ==
col                             p50          p99 unit        n  gate                     status
open                          0.054        0.265 ms          5  none                     TRACK
line_to_byte_first           32.540       60.285 ms          5  p50<=30ms,p99<=50ms      MISS
line_to_byte                  0.000        0.000 ms        200  none                     TRACK
byte_to_line                  0.002        0.003 ms        200  none                     TRACK
context: G7j unindexed jump 30 / 50 ms is Target A, warm, [AC, prov]; this box is on battery
# piece_bench GATE MISS
