BENCH row=build col=text_size p50=21102 p99=21102 unit=B n=1 gate=none status=TRACK
# piece_bench quick=0 huge=0 cap=60s corpus=/tmp/edit-corpus power=Charging [AC]
BENCH row=code_1m col=open p50=0.227 p99=0.909 unit=ms n=20 gate=none status=TRACK
BENCH row=code_1m col=first_op p50=0.228 p99=0.913 unit=ms n=20 gate=none status=TRACK
BENCH row=code_1m col=mem_open p50=1056424 p99=1056424 unit=B n=1 gate=p99<=1376256B status=PASS
BENCH row=code_1m col=insert p50=0.485 p99=2.927 unit=us n=1024 gate=p99<=50us status=PASS
BENCH row=code_1m col=delete p50=0.872 p99=3.531 unit=us n=976 gate=p99<=50us status=PASS
BENCH row=code_1m col=peak_mem p50=1274528 p99=1274528 unit=B n=1 gate=p99<=1743143B status=PASS
BENCH row=code_1m col=pieces p50=2981 p99=2981 unit=count n=1 gate=none status=TRACK
BENCH row=code_1m col=read_viewport p50=8.901 p99=11.547 unit=us n=300 gate=none status=TRACK
BENCH row=code_1m col=byte_to_line p50=0.244 p99=0.370 unit=us n=1000 gate=none status=TRACK
BENCH row=code_1m col=line_to_byte p50=0.356 p99=0.944 unit=us n=1000 gate=none status=TRACK

== code_1m ==
col                             p50          p99 unit        n  gate                     status
open                          0.227        0.909 ms         20  none                     TRACK
first_op                      0.228        0.913 ms         20  none                     TRACK
mem_open                1056424.000  1056424.000 B           1  p99<=1376256B            PASS
insert                        0.485        2.927 us       1024  p99<=50us                PASS
delete                        0.872        3.531 us        976  p99<=50us                PASS
peak_mem                1274528.000  1274528.000 B           1  p99<=1743143B            PASS
pieces                     2981.000     2981.000 count       1  none                     TRACK
read_viewport                 8.901       11.547 us        300  none                     TRACK
byte_to_line                  0.244        0.370 us       1000  none                     TRACK
line_to_byte                  0.356        0.944 us       1000  none                     TRACK
context: G5 open warm 6 / 9 ms (s0.2), end-to-end incl. frame; not a gate here
context: UI-thread slice ceiling 0.5 ms (perf s3); per-op gate 50 us (s2.6, inside G1)
BENCH row=log_1g col=open p50=0.050 p99=0.240 unit=ms n=5 gate=none status=TRACK
BENCH row=log_1g col=first_op p50=0.051 p99=0.243 unit=ms n=5 gate=none status=TRACK
BENCH row=log_1g col=mem_open p50=561376 p99=561376 unit=B n=1 gate=p99<=2524288B status=PASS
BENCH row=log_1g col=insert p50=0.280 p99=0.523 unit=us n=1024 gate=p99<=50us status=PASS
BENCH row=log_1g col=delete p50=4.206 p99=14.646 unit=us n=976 gate=p99<=50us status=PASS
BENCH row=log_1g col=peak_mem p50=1077088 p99=1077088 unit=B n=1 gate=p99<=4468167B status=PASS
BENCH row=log_1g col=pieces p50=19408 p99=19408 unit=count n=1 gate=none status=TRACK
BENCH row=log_1g col=read_viewport p50=3.208 p99=9.029 unit=us n=300 gate=none status=TRACK
BENCH row=log_1g col=byte_to_line p50=1.605 p99=3.213 unit=us n=1000 gate=none status=TRACK
BENCH row=log_1g col=line_to_byte p50=2.843 p99=5.520 unit=us n=1000 gate=none status=TRACK

== log_1g ==
col                             p50          p99 unit        n  gate                     status
open                          0.050        0.240 ms          5  none                     TRACK
first_op                      0.051        0.243 ms          5  none                     TRACK
mem_open                 561376.000   561376.000 B           1  p99<=2524288B            PASS
insert                        0.280        0.523 us       1024  p99<=50us                PASS
delete                        4.206       14.646 us        976  p99<=50us                PASS
peak_mem                1077088.000  1077088.000 B           1  p99<=4468167B            PASS
pieces                    19408.000    19408.000 count       1  none                     TRACK
read_viewport                 3.208        9.029 us        300  none                     TRACK
byte_to_line                  1.605        3.213 us       1000  none                     TRACK
line_to_byte                  2.843        5.520 us       1000  none                     TRACK
context: G5 open warm 6 / 9 ms (s0.2), end-to-end incl. frame; not a gate here
context: UI-thread slice ceiling 0.5 ms (perf s3); per-op gate 50 us (s2.6, inside G1)
BENCH row=oneline_1g col=open p50=0.100 p99=0.423 unit=ms n=5 gate=none status=TRACK
BENCH row=oneline_1g col=first_op p50=0.101 p99=0.428 unit=ms n=5 gate=none status=TRACK
BENCH row=oneline_1g col=mem_open p50=561376 p99=561376 unit=B n=1 gate=p99<=2524288B status=PASS
BENCH row=oneline_1g col=insert p50=0.517 p99=0.863 unit=us n=1024 gate=p99<=50us status=PASS
BENCH row=oneline_1g col=delete p50=6.557 p99=17.801 unit=us n=976 gate=p99<=50us status=PASS
BENCH row=oneline_1g col=peak_mem p50=1077088 p99=1077088 unit=B n=1 gate=p99<=4468167B status=PASS
BENCH row=oneline_1g col=pieces p50=19408 p99=19408 unit=count n=1 gate=none status=TRACK
BENCH row=oneline_1g col=read_viewport p50=8.475 p99=21.814 unit=us n=300 gate=none status=TRACK
BENCH row=oneline_1g col=byte_to_line p50=3.466 p99=9.642 unit=us n=1000 gate=none status=TRACK
BENCH row=oneline_1g col=line_to_byte p50=0.233 p99=0.652 unit=us n=1000 gate=none status=TRACK

== oneline_1g ==
col                             p50          p99 unit        n  gate                     status
open                          0.100        0.423 ms          5  none                     TRACK
first_op                      0.101        0.428 ms          5  none                     TRACK
mem_open                 561376.000   561376.000 B           1  p99<=2524288B            PASS
insert                        0.517        0.863 us       1024  p99<=50us                PASS
delete                        6.557       17.801 us        976  p99<=50us                PASS
peak_mem                1077088.000  1077088.000 B           1  p99<=4468167B            PASS
pieces                    19408.000    19408.000 count       1  none                     TRACK
read_viewport                 8.475       21.814 us        300  none                     TRACK
byte_to_line                  3.466        9.642 us       1000  none                     TRACK
line_to_byte                  0.233        0.652 us       1000  none                     TRACK
context: G5 open warm 6 / 9 ms (s0.2), end-to-end incl. frame; not a gate here
context: UI-thread slice ceiling 0.5 ms (perf s3); per-op gate 50 us (s2.6, inside G1)
piece_bench: row oneline_10g SKIP (needs --huge)
BENCH row=oneline_10g col=open p50=0.000 p99=0.000 unit=ns n=0 gate=none status=SKIP

== oneline_10g ==
col                             p50          p99 unit        n  gate                     status
open                          0.000        0.000 ns          0  none                     SKIP
BENCH row=dense_short col=open p50=29.006 p99=30.950 unit=ms n=10 gate=none status=TRACK
BENCH row=dense_short col=first_op p50=29.007 p99=30.951 unit=ms n=10 gate=none status=TRACK
BENCH row=dense_short col=mem_open p50=67204256 p99=67204256 unit=B n=1 gate=p99<=83951616B status=PASS
BENCH row=dense_short col=insert p50=1.233 p99=3.307 unit=us n=1024 gate=p99<=50us status=PASS
BENCH row=dense_short col=delete p50=1.424 p99=3.969 unit=us n=976 gate=p99<=50us status=PASS
BENCH row=dense_short col=peak_mem p50=67400288 p99=67400288 unit=B n=1 gate=p99<=84420935B status=PASS
BENCH row=dense_short col=pieces p50=4048 p99=4048 unit=count n=1 gate=none status=TRACK
BENCH row=dense_short col=read_viewport p50=1.748 p99=1.988 unit=us n=300 gate=none status=TRACK
BENCH row=dense_short col=byte_to_line p50=0.795 p99=2.701 unit=us n=1000 gate=none status=TRACK
BENCH row=dense_short col=line_to_byte p50=2.706 p99=6.046 unit=us n=1000 gate=none status=TRACK

== dense_short ==
col                             p50          p99 unit        n  gate                     status
open                         29.006       30.950 ms         10  none                     TRACK
first_op                     29.007       30.951 ms         10  none                     TRACK
mem_open               67204256.000 67204256.000 B           1  p99<=83951616B           PASS
insert                        1.233        3.307 us       1024  p99<=50us                PASS
delete                        1.424        3.969 us        976  p99<=50us                PASS
peak_mem               67400288.000 67400288.000 B           1  p99<=84420935B           PASS
pieces                     4048.000     4048.000 count       1  none                     TRACK
read_viewport                 1.748        1.988 us        300  none                     TRACK
byte_to_line                  0.795        2.701 us       1000  none                     TRACK
line_to_byte                  2.706        6.046 us       1000  none                     TRACK
context: G5 open warm 6 / 9 ms (s0.2), end-to-end incl. frame; not a gate here
context: UI-thread slice ceiling 0.5 ms (perf s3); per-op gate 50 us (s2.6, inside G1)
BENCH row=random_edits_1e5 col=open p50=0.051 p99=0.246 unit=ms n=3 gate=none status=TRACK
BENCH row=random_edits_1e5 col=first_op p50=0.052 p99=0.249 unit=ms n=3 gate=none status=TRACK
BENCH row=random_edits_1e5 col=mem_open p50=561376 p99=561376 unit=B n=1 gate=p99<=2524288B status=PASS
BENCH row=random_edits_1e5 col=batch_total p50=54.096 p99=102.591 unit=ms n=3 gate=none status=TRACK
BENCH row=random_edits_1e5 col=insert p50=0.231 p99=0.423 unit=us n=49906 gate=p99<=50us status=PASS
BENCH row=random_edits_1e5 col=delete p50=0.586 p99=1.465 unit=us n=50094 gate=p99<=50us status=PASS
BENCH row=random_edits_1e5 col=peak_mem p50=10640032 p99=10640032 unit=B n=1 gate=p99<=22557404B status=PASS
BENCH row=random_edits_1e5 col=pieces p50=166197 p99=166197 unit=count n=1 gate=none status=TRACK
BENCH row=random_edits_1e5 col=read_viewport p50=3.505 p99=14.344 unit=us n=300 gate=none status=TRACK
BENCH row=random_edits_1e5 col=byte_to_line p50=0.888 p99=2.222 unit=us n=1000 gate=none status=TRACK
BENCH row=random_edits_1e5 col=line_to_byte p50=1.258 p99=3.178 unit=us n=1000 gate=none status=TRACK

== random_edits_1e5 ==
col                             p50          p99 unit        n  gate                     status
open                          0.051        0.246 ms          3  none                     TRACK
first_op                      0.052        0.249 ms          3  none                     TRACK
mem_open                 561376.000   561376.000 B           1  p99<=2524288B            PASS
batch_total                  54.096      102.591 ms          3  none                     TRACK
insert                        0.231        0.423 us      49906  p99<=50us                PASS
delete                        0.586        1.465 us      50094  p99<=50us                PASS
peak_mem               10640032.000 10640032.000 B           1  p99<=22557404B           PASS
pieces                   166197.000   166197.000 count       1  none                     TRACK
read_viewport                 3.505       14.344 us        300  none                     TRACK
byte_to_line                  0.888        2.222 us       1000  none                     TRACK
line_to_byte                  1.258        3.178 us       1000  none                     TRACK
context: UI-thread slice ceiling 0.5 ms (perf s3); per-op gate 50 us (s2.6, inside G1)
note: batch_total gate (G9) includes a full frame; kernel passing is necessary, not sufficient
BENCH row=typing_1e4 col=open p50=0.724 p99=0.944 unit=ms n=3 gate=none status=TRACK
BENCH row=typing_1e4 col=first_op p50=0.728 p99=0.950 unit=ms n=3 gate=none status=TRACK
BENCH row=typing_1e4 col=mem_open p50=1056424 p99=1056424 unit=B n=1 gate=p99<=1376256B status=PASS
BENCH row=typing_1e4 col=batch_total p50=0.705 p99=1.248 unit=ms n=11 gate=none status=TRACK
BENCH row=typing_1e4 col=insert p50=0.036 p99=0.102 unit=us n=9474 gate=p99<=50us status=PASS
BENCH row=typing_1e4 col=delete p50=0.197 p99=0.266 unit=us n=526 gate=p99<=50us status=PASS
BENCH row=typing_1e4 col=peak_mem p50=1209056 p99=1209056 unit=B n=1 gate=p99<=1434452B status=PASS
BENCH row=typing_1e4 col=pieces p50=476 p99=476 unit=count n=1 gate=none status=TRACK
BENCH row=typing_1e4 col=read_viewport p50=2.477 p99=7.764 unit=us n=300 gate=none status=TRACK
BENCH row=typing_1e4 col=byte_to_line p50=0.773 p99=1.406 unit=us n=1000 gate=none status=TRACK
BENCH row=typing_1e4 col=line_to_byte p50=1.300 p99=2.717 unit=us n=1000 gate=none status=TRACK

== typing_1e4 ==
col                             p50          p99 unit        n  gate                     status
open                          0.724        0.944 ms          3  none                     TRACK
first_op                      0.728        0.950 ms          3  none                     TRACK
mem_open                1056424.000  1056424.000 B           1  p99<=1376256B            PASS
batch_total                   0.705        1.248 ms         11  none                     TRACK
insert                        0.036        0.102 us       9474  p99<=50us                PASS
delete                        0.197        0.266 us        526  p99<=50us                PASS
peak_mem                1209056.000  1209056.000 B           1  p99<=1434452B            PASS
pieces                      476.000      476.000 count       1  none                     TRACK
read_viewport                 2.477        7.764 us        300  none                     TRACK
byte_to_line                  0.773        1.406 us       1000  none                     TRACK
line_to_byte                  1.300        2.717 us       1000  none                     TRACK
context: UI-thread slice ceiling 0.5 ms (perf s3); per-op gate 50 us (s2.6, inside G1)
note: batch_total gate (G9) includes a full frame; kernel passing is necessary, not sufficient
BENCH row=undo_1e4 col=open p50=0.051 p99=0.244 unit=ms n=3 gate=none status=TRACK
BENCH row=undo_1e4 col=first_op p50=0.052 p99=0.247 unit=ms n=3 gate=none status=TRACK
BENCH row=undo_1e4 col=mem_open p50=561376 p99=561376 unit=B n=1 gate=p99<=2524288B status=PASS
BENCH row=undo_1e4 col=batch_total p50=7.355 p99=32.179 unit=ms n=11 gate=p50<=63ms,p99<=84ms status=PASS
BENCH row=undo_1e4 col=delete p50=0.394 p99=0.586 unit=us n=10000 gate=p99<=50us status=PASS
BENCH row=undo_1e4 col=insert_ref p50=0.174 p99=0.261 unit=us n=10000 gate=none status=TRACK
BENCH row=undo_1e4 col=peak_mem p50=1993952 p99=1993952 unit=B n=1 gate=p99<=6422472B status=PASS
BENCH row=undo_1e4 col=pieces p50=36383 p99=36383 unit=count n=1 gate=none status=TRACK
BENCH row=undo_1e4 col=read_viewport p50=5.089 p99=9.779 unit=us n=300 gate=none status=TRACK
BENCH row=undo_1e4 col=byte_to_line p50=1.633 p99=3.686 unit=us n=1000 gate=none status=TRACK
BENCH row=undo_1e4 col=line_to_byte p50=2.468 p99=5.984 unit=us n=1000 gate=none status=TRACK

== undo_1e4 ==
col                             p50          p99 unit        n  gate                     status
open                          0.051        0.244 ms          3  none                     TRACK
first_op                      0.052        0.247 ms          3  none                     TRACK
mem_open                 561376.000   561376.000 B           1  p99<=2524288B            PASS
batch_total                   7.355       32.179 ms         11  p50<=63ms,p99<=84ms      PASS
delete                        0.394        0.586 us      10000  p99<=50us                PASS
insert_ref                    0.174        0.261 us      10000  none                     TRACK
peak_mem                1993952.000  1993952.000 B           1  p99<=6422472B            PASS
pieces                    36383.000    36383.000 count       1  none                     TRACK
read_viewport                 5.089        9.779 us        300  none                     TRACK
byte_to_line                  1.633        3.686 us       1000  none                     TRACK
line_to_byte                  2.468        5.984 us       1000  none                     TRACK
context: UI-thread slice ceiling 0.5 ms (perf s3); per-op gate 50 us (s2.6, inside G1)
note: batch_total gate (G9) includes a full frame; kernel passing is necessary, not sufficient
BENCH row=undo_1e5 col=open p50=0.052 p99=0.240 unit=ms n=3 gate=none status=TRACK
BENCH row=undo_1e5 col=first_op p50=0.053 p99=0.243 unit=ms n=3 gate=none status=TRACK
BENCH row=undo_1e5 col=mem_open p50=561376 p99=561376 unit=B n=1 gate=p99<=2524288B status=PASS
BENCH row=undo_1e5 col=batch_total p50=90.827 p99=150.436 unit=ms n=3 gate=none status=TRACK
BENCH row=undo_1e5 col=delete p50=0.431 p99=0.685 unit=us n=100000 gate=p99<=50us status=PASS
BENCH row=undo_1e5 col=insert_ref p50=0.190 p99=0.286 unit=us n=100000 gate=none status=TRACK
BENCH row=undo_1e5 col=peak_mem p50=12866080 p99=12866080 unit=B n=1 gate=p99<=27382626B status=PASS
BENCH row=undo_1e5 col=pieces p50=216360 p99=216360 unit=count n=1 gate=none status=TRACK
BENCH row=undo_1e5 col=read_viewport p50=3.674 p99=7.826 unit=us n=300 gate=none status=TRACK
BENCH row=undo_1e5 col=byte_to_line p50=0.925 p99=2.341 unit=us n=1000 gate=none status=TRACK
BENCH row=undo_1e5 col=line_to_byte p50=1.316 p99=3.148 unit=us n=1000 gate=none status=TRACK

== undo_1e5 ==
col                             p50          p99 unit        n  gate                     status
open                          0.052        0.240 ms          3  none                     TRACK
first_op                      0.053        0.243 ms          3  none                     TRACK
mem_open                 561376.000   561376.000 B           1  p99<=2524288B            PASS
batch_total                  90.827      150.436 ms          3  none                     TRACK
delete                        0.431        0.685 us     100000  p99<=50us                PASS
insert_ref                    0.190        0.286 us     100000  none                     TRACK
peak_mem               12866080.000 12866080.000 B           1  p99<=27382626B           PASS
pieces                   216360.000   216360.000 count       1  none                     TRACK
read_viewport                 3.674        7.826 us        300  none                     TRACK
byte_to_line                  0.925        2.341 us       1000  none                     TRACK
line_to_byte                  1.316        3.148 us       1000  none                     TRACK
context: UI-thread slice ceiling 0.5 ms (perf s3); per-op gate 50 us (s2.6, inside G1)
note: batch_total gate (G9) includes a full frame; kernel passing is necessary, not sufficient
BENCH row=paste_1m col=paste_1m p50=0.076 p99=0.827 unit=ms n=20 gate=p50<=5ms,p99<=15ms status=PASS
BENCH row=paste_1m col=peak_mem p50=2192224 p99=2192224 unit=B n=1 gate=p99<=2690144B status=PASS
BENCH row=paste_1m col=pieces p50=33 p99=33 unit=count n=1 gate=none status=TRACK

== paste_1m ==
col                             p50          p99 unit        n  gate                     status
paste_1m                      0.076        0.827 ms         20  p50<=5ms,p99<=15ms       PASS
peak_mem                2192224.000  2192224.000 B           1  p99<=2690144B            PASS
pieces                       33.000       33.000 count       1  none                     TRACK
note: G9 1 MB paste 5 / 15 ms includes a full frame; kernel passing is necessary, not sufficient
BENCH row=snapshots_100 col=insert p50=0.302 p99=1.492 unit=us n=4967 gate=p99<=50us status=PASS
BENCH row=snapshots_100 col=delete p50=0.537 p99=19.132 unit=us n=5033 gate=p99<=50us status=PASS
BENCH row=snapshots_100 col=snapshot_take p50=0.033 p99=0.201 unit=us n=100 gate=none status=TRACK
BENCH row=snapshots_100 col=read_viewport p50=5.691 p99=9.992 unit=us n=100 gate=none status=TRACK
BENCH row=snapshots_100 col=peak_mem p50=8083872 p99=8083872 unit=B n=1 gate=none status=TRACK
BENCH row=snapshots_100 col=pathcopy_ref p50=19200000 p99=19200000 unit=B n=1 gate=none status=TRACK
BENCH row=snapshots_100 col=pieces p50=13882 p99=13882 unit=count n=1 gate=none status=TRACK
BENCH row=snapshots_100 col=snapshot_release_all p50=0.560 p99=0.560 unit=ms n=1 gate=none status=TRACK

== snapshots_100 ==
col                             p50          p99 unit        n  gate                     status
insert                        0.302        1.492 us       4967  p99<=50us                PASS
delete                        0.537       19.132 us       5033  p99<=50us                PASS
snapshot_take                 0.033        0.201 us        100  none                     TRACK
read_viewport                 5.691        9.992 us        100  none                     TRACK
peak_mem                8083872.000  8083872.000 B           1  none                     TRACK
pathcopy_ref           19200000.000 19200000.000 B           1  none                     TRACK
pieces                    13882.000    13882.000 count       1  none                     TRACK
snapshot_release_all          0.560        0.560 ms          1  none                     TRACK
context: UI-thread slice ceiling 0.5 ms (perf s3); per-op gate 50 us (s2.6, inside G1)
context: pathcopy_ref = 1920 B per edit while a snapshot is live (perf s2.6); peak_mem is TRACK, not gated
BENCH row=line_jump_1e7 col=open p50=0.057 p99=0.258 unit=ms n=5 gate=none status=TRACK
BENCH row=line_jump_1e7 col=line_to_byte_first p50=31.578 p99=58.873 unit=ms n=5 gate=p50<=30ms,p99<=50ms status=MISS
BENCH row=line_jump_1e7 col=line_to_byte p50=0.000 p99=0.000 unit=ms n=200 gate=none status=TRACK
BENCH row=line_jump_1e7 col=byte_to_line p50=0.002 p99=0.003 unit=ms n=200 gate=none status=TRACK

== line_jump_1e7 ==
col                             p50          p99 unit        n  gate                     status
open                          0.057        0.258 ms          5  none                     TRACK
line_to_byte_first           31.578       58.873 ms          5  p50<=30ms,p99<=50ms      MISS
line_to_byte                  0.000        0.000 ms        200  none                     TRACK
byte_to_line                  0.002        0.003 ms        200  none                     TRACK
context: G7j unindexed jump 30 / 50 ms is Target A, warm, [AC, prov]; this box is on battery
# piece_bench GATE MISS
