BENCH row=build col=text_size p50=14094 p99=14094 unit=B n=1 gate=none status=TRACK
# piece_bench quick=0 huge=0 cap=60s corpus=/tmp/edit-corpus power=Charging [AC]
BENCH row=code_1m col=open p50=0.108 p99=0.743 unit=ms n=20 gate=none status=TRACK
BENCH row=code_1m col=first_op p50=0.108 p99=0.747 unit=ms n=20 gate=none status=TRACK
BENCH row=code_1m col=mem_open p50=1051512 p99=1051512 unit=B n=1 gate=p99<=1376256B status=PASS
BENCH row=code_1m col=insert p50=0.764 p99=6.917 unit=us n=1024 gate=p99<=50us status=PASS
BENCH row=code_1m col=delete p50=0.807 p99=3.689 unit=us n=976 gate=p99<=50us status=PASS
BENCH row=code_1m col=peak_mem p50=1216984 p99=1216984 unit=B n=1 gate=p99<=1741703B status=PASS
BENCH row=code_1m col=pieces p50=2966 p99=2966 unit=count n=1 gate=none status=TRACK
BENCH row=code_1m col=read_viewport p50=7.758 p99=10.565 unit=us n=300 gate=none status=TRACK
BENCH row=code_1m col=byte_to_line p50=0.279 p99=0.456 unit=us n=1000 gate=none status=TRACK
BENCH row=code_1m col=line_to_byte p50=0.313 p99=0.797 unit=us n=1000 gate=none status=TRACK

== code_1m ==
col                             p50          p99 unit        n  gate                     status
open                          0.108        0.743 ms         20  none                     TRACK
first_op                      0.108        0.747 ms         20  none                     TRACK
mem_open                1051512.000  1051512.000 B           1  p99<=1376256B            PASS
insert                        0.764        6.917 us       1024  p99<=50us                PASS
delete                        0.807        3.689 us        976  p99<=50us                PASS
peak_mem                1216984.000  1216984.000 B           1  p99<=1741703B            PASS
pieces                     2966.000     2966.000 count       1  none                     TRACK
read_viewport                 7.758       10.565 us        300  none                     TRACK
byte_to_line                  0.279        0.456 us       1000  none                     TRACK
line_to_byte                  0.313        0.797 us       1000  none                     TRACK
context: G5 open warm 6 / 9 ms (s0.2), end-to-end incl. frame; not a gate here
context: UI-thread slice ceiling 0.5 ms (perf s3); per-op gate 50 us (s2.6, inside G1)
BENCH row=log_1g col=open p50=0.002 p99=0.009 unit=ms n=5 gate=none status=TRACK
BENCH row=log_1g col=first_op p50=0.003 p99=0.022 unit=ms n=5 gate=none status=TRACK
BENCH row=log_1g col=mem_open p50=19704 p99=19704 unit=B n=1 gate=p99<=2524288B status=PASS
BENCH row=log_1g col=insert p50=0.746 p99=13.896 unit=us n=1024 gate=p99<=50us status=PASS
BENCH row=log_1g col=delete p50=4.743 p99=12.909 unit=us n=976 gate=p99<=50us status=PASS
BENCH row=log_1g col=peak_mem p50=168408 p99=168408 unit=B n=1 gate=p99<=2993607B status=PASS
BENCH row=log_1g col=pieces p50=4048 p99=4048 unit=count n=1 gate=none status=TRACK
BENCH row=log_1g col=read_viewport p50=3.078 p99=6.073 unit=us n=300 gate=none status=TRACK
BENCH row=log_1g col=byte_to_line p50=15.363 p99=62.950 unit=us n=1000 gate=none status=TRACK
BENCH row=log_1g col=line_to_byte p50=14.104 p99=53.588 unit=us n=1000 gate=none status=TRACK

== log_1g ==
col                             p50          p99 unit        n  gate                     status
open                          0.002        0.009 ms          5  none                     TRACK
first_op                      0.003        0.022 ms          5  none                     TRACK
mem_open                  19704.000    19704.000 B           1  p99<=2524288B            PASS
insert                        0.746       13.896 us       1024  p99<=50us                PASS
delete                        4.743       12.909 us        976  p99<=50us                PASS
peak_mem                 168408.000   168408.000 B           1  p99<=2993607B            PASS
pieces                     4048.000     4048.000 count       1  none                     TRACK
read_viewport                 3.078        6.073 us        300  none                     TRACK
byte_to_line                 15.363       62.950 us       1000  none                     TRACK
line_to_byte                 14.104       53.588 us       1000  none                     TRACK
context: G5 open warm 6 / 9 ms (s0.2), end-to-end incl. frame; not a gate here
context: UI-thread slice ceiling 0.5 ms (perf s3); per-op gate 50 us (s2.6, inside G1)
BENCH row=oneline_1g col=open p50=0.002 p99=0.012 unit=ms n=5 gate=none status=TRACK
BENCH row=oneline_1g col=first_op p50=0.003 p99=0.024 unit=ms n=5 gate=none status=TRACK
BENCH row=oneline_1g col=mem_open p50=19704 p99=19704 unit=B n=1 gate=p99<=2524288B status=PASS
BENCH row=oneline_1g col=insert p50=0.732 p99=11.479 unit=us n=1024 gate=p99<=50us status=PASS
BENCH row=oneline_1g col=delete p50=4.532 p99=11.801 unit=us n=976 gate=p99<=50us status=PASS
BENCH row=oneline_1g col=peak_mem p50=168408 p99=168408 unit=B n=1 gate=p99<=2993607B status=PASS
BENCH row=oneline_1g col=pieces p50=4048 p99=4048 unit=count n=1 gate=none status=TRACK
BENCH row=oneline_1g col=read_viewport p50=4.079 p99=6.290 unit=us n=300 gate=none status=TRACK
BENCH row=oneline_1g col=byte_to_line p50=15.703 p99=68.318 unit=us n=1000 gate=none status=TRACK
BENCH row=oneline_1g col=line_to_byte p50=0.104 p99=0.255 unit=us n=1000 gate=none status=TRACK

== oneline_1g ==
col                             p50          p99 unit        n  gate                     status
open                          0.002        0.012 ms          5  none                     TRACK
first_op                      0.003        0.024 ms          5  none                     TRACK
mem_open                  19704.000    19704.000 B           1  p99<=2524288B            PASS
insert                        0.732       11.479 us       1024  p99<=50us                PASS
delete                        4.532       11.801 us        976  p99<=50us                PASS
peak_mem                 168408.000   168408.000 B           1  p99<=2993607B            PASS
pieces                     4048.000     4048.000 count       1  none                     TRACK
read_viewport                 4.079        6.290 us        300  none                     TRACK
byte_to_line                 15.703       68.318 us       1000  none                     TRACK
line_to_byte                  0.104        0.255 us       1000  none                     TRACK
context: G5 open warm 6 / 9 ms (s0.2), end-to-end incl. frame; not a gate here
context: UI-thread slice ceiling 0.5 ms (perf s3); per-op gate 50 us (s2.6, inside G1)
piece_bench: row oneline_10g SKIP (needs --huge)
BENCH row=oneline_10g col=open p50=0.000 p99=0.000 unit=ns n=0 gate=none status=SKIP

== oneline_10g ==
col                             p50          p99 unit        n  gate                     status
open                          0.000        0.000 ns          0  none                     SKIP
BENCH row=dense_short col=open p50=22.928 p99=25.009 unit=ms n=10 gate=none status=TRACK
BENCH row=dense_short col=first_op p50=22.929 p99=25.014 unit=ms n=10 gate=none status=TRACK
BENCH row=dense_short col=mem_open p50=67111800 p99=67111800 unit=B n=1 gate=p99<=83951616B status=PASS
BENCH row=dense_short col=insert p50=1.653 p99=7.715 unit=us n=1024 gate=p99<=50us status=PASS
BENCH row=dense_short col=delete p50=1.711 p99=7.669 unit=us n=976 gate=p99<=50us status=PASS
BENCH row=dense_short col=peak_mem p50=67277272 p99=67277272 unit=B n=1 gate=p99<=84328775B status=PASS
BENCH row=dense_short col=pieces p50=3088 p99=3088 unit=count n=1 gate=none status=TRACK
BENCH row=dense_short col=read_viewport p50=1.731 p99=2.000 unit=us n=300 gate=none status=TRACK
BENCH row=dense_short col=byte_to_line p50=1.695 p99=9.607 unit=us n=1000 gate=none status=TRACK
BENCH row=dense_short col=line_to_byte p50=3.015 p99=8.929 unit=us n=1000 gate=none status=TRACK

== dense_short ==
col                             p50          p99 unit        n  gate                     status
open                         22.928       25.009 ms         10  none                     TRACK
first_op                     22.929       25.014 ms         10  none                     TRACK
mem_open               67111800.000 67111800.000 B           1  p99<=83951616B           PASS
insert                        1.653        7.715 us       1024  p99<=50us                PASS
delete                        1.711        7.669 us        976  p99<=50us                PASS
peak_mem               67277272.000 67277272.000 B           1  p99<=84328775B           PASS
pieces                     3088.000     3088.000 count       1  none                     TRACK
read_viewport                 1.731        2.000 us        300  none                     TRACK
byte_to_line                  1.695        9.607 us       1000  none                     TRACK
line_to_byte                  3.015        8.929 us       1000  none                     TRACK
context: G5 open warm 6 / 9 ms (s0.2), end-to-end incl. frame; not a gate here
context: UI-thread slice ceiling 0.5 ms (perf s3); per-op gate 50 us (s2.6, inside G1)
BENCH row=random_edits_1e5 col=open p50=0.002 p99=0.008 unit=ms n=3 gate=none status=TRACK
BENCH row=random_edits_1e5 col=first_op p50=0.003 p99=0.023 unit=ms n=3 gate=none status=TRACK
BENCH row=random_edits_1e5 col=mem_open p50=19704 p99=19704 unit=B n=1 gate=p99<=2524288B status=PASS
BENCH row=random_edits_1e5 col=batch_total p50=2257.327 p99=2327.661 unit=ms n=3 gate=none status=TRACK
BENCH row=random_edits_1e5 col=insert p50=17.248 p99=80.855 unit=us n=49906 gate=p99<=50us status=MISS
BENCH row=random_edits_1e5 col=delete p50=17.394 p99=82.545 unit=us n=50094 gate=p99<=50us status=MISS
BENCH row=random_edits_1e5 col=peak_mem p50=9276376 p99=9276376 unit=B n=1 gate=p99<=21085244B status=PASS
BENCH row=random_edits_1e5 col=pieces p50=150862 p99=150862 unit=count n=1 gate=none status=TRACK
BENCH row=random_edits_1e5 col=read_viewport p50=3.149 p99=4.050 unit=us n=300 gate=none status=TRACK
BENCH row=random_edits_1e5 col=byte_to_line p50=0.913 p99=3.463 unit=us n=1000 gate=none status=TRACK
BENCH row=random_edits_1e5 col=line_to_byte p50=1.097 p99=3.235 unit=us n=1000 gate=none status=TRACK

== random_edits_1e5 ==
col                             p50          p99 unit        n  gate                     status
open                          0.002        0.008 ms          3  none                     TRACK
first_op                      0.003        0.023 ms          3  none                     TRACK
mem_open                  19704.000    19704.000 B           1  p99<=2524288B            PASS
batch_total                2257.327     2327.661 ms          3  none                     TRACK
insert                       17.248       80.855 us      49906  p99<=50us                MISS
delete                       17.394       82.545 us      50094  p99<=50us                MISS
peak_mem                9276376.000  9276376.000 B           1  p99<=21085244B           PASS
pieces                   150862.000   150862.000 count       1  none                     TRACK
read_viewport                 3.149        4.050 us        300  none                     TRACK
byte_to_line                  0.913        3.463 us       1000  none                     TRACK
line_to_byte                  1.097        3.235 us       1000  none                     TRACK
context: UI-thread slice ceiling 0.5 ms (perf s3); per-op gate 50 us (s2.6, inside G1)
note: batch_total gate (G9) includes a full frame; kernel passing is necessary, not sufficient
BENCH row=typing_1e4 col=open p50=0.464 p99=0.666 unit=ms n=3 gate=none status=TRACK
BENCH row=typing_1e4 col=first_op p50=0.468 p99=0.672 unit=ms n=3 gate=none status=TRACK
BENCH row=typing_1e4 col=mem_open p50=1051512 p99=1051512 unit=B n=1 gate=p99<=1376256B status=PASS
BENCH row=typing_1e4 col=batch_total p50=0.620 p99=0.780 unit=ms n=11 gate=none status=TRACK
BENCH row=typing_1e4 col=insert p50=0.023 p99=0.029 unit=us n=9474 gate=p99<=50us status=PASS
BENCH row=typing_1e4 col=delete p50=0.032 p99=0.045 unit=us n=526 gate=p99<=50us status=PASS
BENCH row=typing_1e4 col=peak_mem p50=1129624 p99=1129624 unit=B n=1 gate=p99<=1433108B status=PASS
BENCH row=typing_1e4 col=pieces p50=462 p99=462 unit=count n=1 gate=none status=TRACK
BENCH row=typing_1e4 col=read_viewport p50=2.953 p99=6.594 unit=us n=300 gate=none status=TRACK
BENCH row=typing_1e4 col=byte_to_line p50=10.188 p99=20.181 unit=us n=1000 gate=none status=TRACK
BENCH row=typing_1e4 col=line_to_byte p50=6.241 p99=11.853 unit=us n=1000 gate=none status=TRACK

== typing_1e4 ==
col                             p50          p99 unit        n  gate                     status
open                          0.464        0.666 ms          3  none                     TRACK
first_op                      0.468        0.672 ms          3  none                     TRACK
mem_open                1051512.000  1051512.000 B           1  p99<=1376256B            PASS
batch_total                   0.620        0.780 ms         11  none                     TRACK
insert                        0.023        0.029 us       9474  p99<=50us                PASS
delete                        0.032        0.045 us        526  p99<=50us                PASS
peak_mem                1129624.000  1129624.000 B           1  p99<=1433108B            PASS
pieces                      462.000      462.000 count       1  none                     TRACK
read_viewport                 2.953        6.594 us        300  none                     TRACK
byte_to_line                 10.188       20.181 us       1000  none                     TRACK
line_to_byte                  6.241       11.853 us       1000  none                     TRACK
context: UI-thread slice ceiling 0.5 ms (perf s3); per-op gate 50 us (s2.6, inside G1)
note: batch_total gate (G9) includes a full frame; kernel passing is necessary, not sufficient
BENCH row=undo_1e4 col=open p50=0.002 p99=0.008 unit=ms n=3 gate=none status=TRACK
BENCH row=undo_1e4 col=first_op p50=0.003 p99=0.022 unit=ms n=3 gate=none status=TRACK
BENCH row=undo_1e4 col=mem_open p50=19704 p99=19704 unit=B n=1 gate=p99<=2524288B status=PASS
BENCH row=undo_1e4 col=batch_total p50=55.636 p99=79.220 unit=ms n=11 gate=p50<=63ms,p99<=84ms status=PASS
BENCH row=undo_1e4 col=delete p50=2.017 p99=9.107 unit=us n=10000 gate=p99<=50us status=PASS
BENCH row=undo_1e4 col=insert_ref p50=1.097 p99=4.601 unit=us n=10000 gate=none status=TRACK
BENCH row=undo_1e4 col=peak_mem p50=1063896 p99=1063896 unit=B n=1 gate=p99<=4948392B status=PASS
BENCH row=undo_1e4 col=pieces p50=21028 p99=21028 unit=count n=1 gate=none status=TRACK
BENCH row=undo_1e4 col=read_viewport p50=3.080 p99=3.895 unit=us n=300 gate=none status=TRACK
BENCH row=undo_1e4 col=byte_to_line p50=5.205 p99=31.467 unit=us n=1000 gate=none status=TRACK
BENCH row=undo_1e4 col=line_to_byte p50=4.382 p99=23.225 unit=us n=1000 gate=none status=TRACK

== undo_1e4 ==
col                             p50          p99 unit        n  gate                     status
open                          0.002        0.008 ms          3  none                     TRACK
first_op                      0.003        0.022 ms          3  none                     TRACK
mem_open                  19704.000    19704.000 B           1  p99<=2524288B            PASS
batch_total                  55.636       79.220 ms         11  p50<=63ms,p99<=84ms      PASS
delete                        2.017        9.107 us      10000  p99<=50us                PASS
insert_ref                    1.097        4.601 us      10000  none                     TRACK
peak_mem                1063896.000  1063896.000 B           1  p99<=4948392B            PASS
pieces                    21028.000    21028.000 count       1  none                     TRACK
read_viewport                 3.080        3.895 us        300  none                     TRACK
byte_to_line                  5.205       31.467 us       1000  none                     TRACK
line_to_byte                  4.382       23.225 us       1000  none                     TRACK
context: UI-thread slice ceiling 0.5 ms (perf s3); per-op gate 50 us (s2.6, inside G1)
note: batch_total gate (G9) includes a full frame; kernel passing is necessary, not sufficient
BENCH row=undo_1e5 col=open p50=0.002 p99=0.009 unit=ms n=3 gate=none status=TRACK
BENCH row=undo_1e5 col=first_op p50=0.003 p99=0.024 unit=ms n=3 gate=none status=TRACK
BENCH row=undo_1e5 col=mem_open p50=19704 p99=19704 unit=B n=1 gate=p99<=2524288B status=PASS
BENCH row=undo_1e5 col=batch_total p50=4792.041 p99=4838.768 unit=ms n=3 gate=none status=TRACK
BENCH row=undo_1e5 col=delete p50=12.407 p99=68.872 unit=us n=100000 gate=p99<=50us status=MISS
BENCH row=undo_1e5 col=insert_ref p50=9.708 p99=75.182 unit=us n=100000 gate=none status=TRACK
BENCH row=undo_1e5 col=peak_mem p50=8555480 p99=8555480 unit=B n=1 gate=p99<=25912578B status=PASS
BENCH row=undo_1e5 col=pieces p50=201047 p99=201047 unit=count n=1 gate=none status=TRACK
BENCH row=undo_1e5 col=read_viewport p50=3.216 p99=4.568 unit=us n=300 gate=none status=TRACK
BENCH row=undo_1e5 col=byte_to_line p50=0.906 p99=3.426 unit=us n=1000 gate=none status=TRACK
BENCH row=undo_1e5 col=line_to_byte p50=1.096 p99=3.272 unit=us n=1000 gate=none status=TRACK

== undo_1e5 ==
col                             p50          p99 unit        n  gate                     status
open                          0.002        0.009 ms          3  none                     TRACK
first_op                      0.003        0.024 ms          3  none                     TRACK
mem_open                  19704.000    19704.000 B           1  p99<=2524288B            PASS
batch_total                4792.041     4838.768 ms          3  none                     TRACK
delete                       12.407       68.872 us     100000  p99<=50us                MISS
insert_ref                    9.708       75.182 us     100000  none                     TRACK
peak_mem                8555480.000  8555480.000 B           1  p99<=25912578B           PASS
pieces                   201047.000   201047.000 count       1  none                     TRACK
read_viewport                 3.216        4.568 us        300  none                     TRACK
byte_to_line                  0.906        3.426 us       1000  none                     TRACK
line_to_byte                  1.096        3.272 us       1000  none                     TRACK
context: UI-thread slice ceiling 0.5 ms (perf s3); per-op gate 50 us (s2.6, inside G1)
note: batch_total gate (G9) includes a full frame; kernel passing is necessary, not sufficient
BENCH row=paste_1m col=paste_1m p50=0.309 p99=0.389 unit=ms n=20 gate=p50<=5ms,p99<=15ms status=PASS
BENCH row=paste_1m col=peak_mem p50=2102136 p99=2102136 unit=B n=1 gate=p99<=2688704B status=PASS
BENCH row=paste_1m col=pieces p50=18 p99=18 unit=count n=1 gate=none status=TRACK

== paste_1m ==
col                             p50          p99 unit        n  gate                     status
paste_1m                      0.309        0.389 ms         20  p50<=5ms,p99<=15ms       PASS
peak_mem                2102136.000  2102136.000 B           1  p99<=2688704B            PASS
pieces                       18.000       18.000 count       1  none                     TRACK
note: G9 1 MB paste 5 / 15 ms includes a full frame; kernel passing is necessary, not sufficient
BENCH row=snapshots_100 col=insert p50=1.434 p99=7.402 unit=us n=4967 gate=p99<=50us status=PASS
BENCH row=snapshots_100 col=delete p50=1.304 p99=7.268 unit=us n=5033 gate=p99<=50us status=PASS
BENCH row=snapshots_100 col=snapshot_take p50=36.147 p99=119.147 unit=us n=100 gate=none status=TRACK
BENCH row=snapshots_100 col=read_viewport p50=4.096 p99=8.380 unit=us n=100 gate=none status=TRACK
BENCH row=snapshots_100 col=peak_mem p50=13106424 p99=13106424 unit=B n=1 gate=none status=TRACK
BENCH row=snapshots_100 col=pathcopy_ref p50=19200000 p99=19200000 unit=B n=1 gate=none status=TRACK
BENCH row=snapshots_100 col=pieces p50=13868 p99=13868 unit=count n=1 gate=none status=TRACK
BENCH row=snapshots_100 col=snapshot_release_all p50=0.308 p99=0.308 unit=ms n=1 gate=none status=TRACK

== snapshots_100 ==
col                             p50          p99 unit        n  gate                     status
insert                        1.434        7.402 us       4967  p99<=50us                PASS
delete                        1.304        7.268 us       5033  p99<=50us                PASS
snapshot_take                36.147      119.147 us        100  none                     TRACK
read_viewport                 4.096        8.380 us        100  none                     TRACK
peak_mem               13106424.000 13106424.000 B           1  none                     TRACK
pathcopy_ref           19200000.000 19200000.000 B           1  none                     TRACK
pieces                    13868.000    13868.000 count       1  none                     TRACK
snapshot_release_all          0.308        0.308 ms          1  none                     TRACK
context: UI-thread slice ceiling 0.5 ms (perf s3); per-op gate 50 us (s2.6, inside G1)
context: pathcopy_ref = 1920 B per edit while a snapshot is live (perf s2.6); peak_mem is TRACK, not gated
BENCH row=line_jump_1e7 col=open p50=0.003 p99=0.008 unit=ms n=5 gate=none status=TRACK
BENCH row=line_jump_1e7 col=line_to_byte_first p50=23.678 p99=28.307 unit=ms n=5 gate=p50<=30ms,p99<=50ms status=PASS
BENCH row=line_jump_1e7 col=line_to_byte p50=0.000 p99=0.000 unit=ms n=200 gate=none status=TRACK
BENCH row=line_jump_1e7 col=byte_to_line p50=0.037 p99=0.084 unit=ms n=200 gate=none status=TRACK

== line_jump_1e7 ==
col                             p50          p99 unit        n  gate                     status
open                          0.003        0.008 ms          5  none                     TRACK
line_to_byte_first           23.678       28.307 ms          5  p50<=30ms,p99<=50ms      PASS
line_to_byte                  0.000        0.000 ms        200  none                     TRACK
byte_to_line                  0.037        0.084 ms        200  none                     TRACK
context: G7j unindexed jump 30 / 50 ms is Target A, warm, [AC, prov]; this box is on battery
# piece_bench GATE MISS
