BENCH row=build col=text_size p50=14094 p99=14094 unit=B n=1 gate=none status=TRACK
# piece_bench quick=0 huge=0 cap=60s corpus=/tmp/edit-corpus power=Charging [AC]
BENCH row=code_1m col=open p50=0.048 p99=0.676 unit=ms n=20 gate=none status=TRACK
BENCH row=code_1m col=first_op p50=0.049 p99=0.679 unit=ms n=20 gate=none status=TRACK
BENCH row=code_1m col=mem_open p50=1051512 p99=1051512 unit=B n=1 gate=p99<=1376256B status=PASS
BENCH row=code_1m col=insert p50=0.414 p99=3.040 unit=us n=1024 gate=p99<=50us status=PASS
BENCH row=code_1m col=delete p50=0.433 p99=1.982 unit=us n=976 gate=p99<=50us status=PASS
BENCH row=code_1m col=peak_mem p50=1216984 p99=1216984 unit=B n=1 gate=p99<=1741703B status=PASS
BENCH row=code_1m col=pieces p50=2966 p99=2966 unit=count n=1 gate=none status=TRACK
BENCH row=code_1m col=read_viewport p50=3.741 p99=5.020 unit=us n=300 gate=none status=TRACK
BENCH row=code_1m col=byte_to_line p50=0.146 p99=0.258 unit=us n=1000 gate=none status=TRACK
BENCH row=code_1m col=line_to_byte p50=0.163 p99=0.433 unit=us n=1000 gate=none status=TRACK

== code_1m ==
col                             p50          p99 unit        n  gate                     status
open                          0.048        0.676 ms         20  none                     TRACK
first_op                      0.049        0.679 ms         20  none                     TRACK
mem_open                1051512.000  1051512.000 B           1  p99<=1376256B            PASS
insert                        0.414        3.040 us       1024  p99<=50us                PASS
delete                        0.433        1.982 us        976  p99<=50us                PASS
peak_mem                1216984.000  1216984.000 B           1  p99<=1741703B            PASS
pieces                     2966.000     2966.000 count       1  none                     TRACK
read_viewport                 3.741        5.020 us        300  none                     TRACK
byte_to_line                  0.146        0.258 us       1000  none                     TRACK
line_to_byte                  0.163        0.433 us       1000  none                     TRACK
context: G5 open warm 6 / 9 ms (s0.2), end-to-end incl. frame; not a gate here
context: UI-thread slice ceiling 0.5 ms (perf s3); per-op gate 50 us (s2.6, inside G1)
BENCH row=log_1g col=open p50=0.002 p99=0.009 unit=ms n=5 gate=none status=TRACK
BENCH row=log_1g col=first_op p50=0.003 p99=0.025 unit=ms n=5 gate=none status=TRACK
BENCH row=log_1g col=mem_open p50=19704 p99=19704 unit=B n=1 gate=p99<=2524288B status=PASS
BENCH row=log_1g col=insert p50=0.727 p99=13.939 unit=us n=1024 gate=p99<=50us status=PASS
BENCH row=log_1g col=delete p50=5.117 p99=13.456 unit=us n=976 gate=p99<=50us status=PASS
BENCH row=log_1g col=peak_mem p50=168408 p99=168408 unit=B n=1 gate=p99<=2993607B status=PASS
BENCH row=log_1g col=pieces p50=4048 p99=4048 unit=count n=1 gate=none status=TRACK
BENCH row=log_1g col=read_viewport p50=3.133 p99=6.522 unit=us n=300 gate=none status=TRACK
BENCH row=log_1g col=byte_to_line p50=18.562 p99=95.322 unit=us n=1000 gate=none status=TRACK
BENCH row=log_1g col=line_to_byte p50=15.939 p99=59.458 unit=us n=1000 gate=none status=TRACK

== log_1g ==
col                             p50          p99 unit        n  gate                     status
open                          0.002        0.009 ms          5  none                     TRACK
first_op                      0.003        0.025 ms          5  none                     TRACK
mem_open                  19704.000    19704.000 B           1  p99<=2524288B            PASS
insert                        0.727       13.939 us       1024  p99<=50us                PASS
delete                        5.117       13.456 us        976  p99<=50us                PASS
peak_mem                 168408.000   168408.000 B           1  p99<=2993607B            PASS
pieces                     4048.000     4048.000 count       1  none                     TRACK
read_viewport                 3.133        6.522 us        300  none                     TRACK
byte_to_line                 18.562       95.322 us       1000  none                     TRACK
line_to_byte                 15.939       59.458 us       1000  none                     TRACK
context: G5 open warm 6 / 9 ms (s0.2), end-to-end incl. frame; not a gate here
context: UI-thread slice ceiling 0.5 ms (perf s3); per-op gate 50 us (s2.6, inside G1)
BENCH row=oneline_1g col=open p50=0.002 p99=0.008 unit=ms n=5 gate=none status=TRACK
BENCH row=oneline_1g col=first_op p50=0.003 p99=0.023 unit=ms n=5 gate=none status=TRACK
BENCH row=oneline_1g col=mem_open p50=19704 p99=19704 unit=B n=1 gate=p99<=2524288B status=PASS
BENCH row=oneline_1g col=insert p50=0.740 p99=12.208 unit=us n=1024 gate=p99<=50us status=PASS
BENCH row=oneline_1g col=delete p50=4.481 p99=11.953 unit=us n=976 gate=p99<=50us status=PASS
BENCH row=oneline_1g col=peak_mem p50=168408 p99=168408 unit=B n=1 gate=p99<=2993607B status=PASS
BENCH row=oneline_1g col=pieces p50=4048 p99=4048 unit=count n=1 gate=none status=TRACK
BENCH row=oneline_1g col=read_viewport p50=4.094 p99=6.322 unit=us n=300 gate=none status=TRACK
BENCH row=oneline_1g col=byte_to_line p50=16.201 p99=69.220 unit=us n=1000 gate=none status=TRACK
BENCH row=oneline_1g col=line_to_byte p50=0.102 p99=0.296 unit=us n=1000 gate=none status=TRACK

== oneline_1g ==
col                             p50          p99 unit        n  gate                     status
open                          0.002        0.008 ms          5  none                     TRACK
first_op                      0.003        0.023 ms          5  none                     TRACK
mem_open                  19704.000    19704.000 B           1  p99<=2524288B            PASS
insert                        0.740       12.208 us       1024  p99<=50us                PASS
delete                        4.481       11.953 us        976  p99<=50us                PASS
peak_mem                 168408.000   168408.000 B           1  p99<=2993607B            PASS
pieces                     4048.000     4048.000 count       1  none                     TRACK
read_viewport                 4.094        6.322 us        300  none                     TRACK
byte_to_line                 16.201       69.220 us       1000  none                     TRACK
line_to_byte                  0.102        0.296 us       1000  none                     TRACK
context: G5 open warm 6 / 9 ms (s0.2), end-to-end incl. frame; not a gate here
context: UI-thread slice ceiling 0.5 ms (perf s3); per-op gate 50 us (s2.6, inside G1)
piece_bench: row oneline_10g SKIP (needs --huge)
BENCH row=oneline_10g col=open p50=0.000 p99=0.000 unit=ns n=0 gate=none status=SKIP

== oneline_10g ==
col                             p50          p99 unit        n  gate                     status
open                          0.000        0.000 ns          0  none                     SKIP
BENCH row=dense_short col=open p50=23.247 p99=25.632 unit=ms n=10 gate=none status=TRACK
BENCH row=dense_short col=first_op p50=23.248 p99=25.635 unit=ms n=10 gate=none status=TRACK
BENCH row=dense_short col=mem_open p50=67111800 p99=67111800 unit=B n=1 gate=p99<=83951616B status=PASS
BENCH row=dense_short col=insert p50=1.838 p99=10.691 unit=us n=1024 gate=p99<=50us status=PASS
BENCH row=dense_short col=delete p50=1.896 p99=9.677 unit=us n=976 gate=p99<=50us status=PASS
BENCH row=dense_short col=peak_mem p50=67277272 p99=67277272 unit=B n=1 gate=p99<=84328775B status=PASS
BENCH row=dense_short col=pieces p50=3088 p99=3088 unit=count n=1 gate=none status=TRACK
BENCH row=dense_short col=read_viewport p50=1.729 p99=1.942 unit=us n=300 gate=none status=TRACK
BENCH row=dense_short col=byte_to_line p50=1.918 p99=11.067 unit=us n=1000 gate=none status=TRACK
BENCH row=dense_short col=line_to_byte p50=3.144 p99=10.324 unit=us n=1000 gate=none status=TRACK

== dense_short ==
col                             p50          p99 unit        n  gate                     status
open                         23.247       25.632 ms         10  none                     TRACK
first_op                     23.248       25.635 ms         10  none                     TRACK
mem_open               67111800.000 67111800.000 B           1  p99<=83951616B           PASS
insert                        1.838       10.691 us       1024  p99<=50us                PASS
delete                        1.896        9.677 us        976  p99<=50us                PASS
peak_mem               67277272.000 67277272.000 B           1  p99<=84328775B           PASS
pieces                     3088.000     3088.000 count       1  none                     TRACK
read_viewport                 1.729        1.942 us        300  none                     TRACK
byte_to_line                  1.918       11.067 us       1000  none                     TRACK
line_to_byte                  3.144       10.324 us       1000  none                     TRACK
context: G5 open warm 6 / 9 ms (s0.2), end-to-end incl. frame; not a gate here
context: UI-thread slice ceiling 0.5 ms (perf s3); per-op gate 50 us (s2.6, inside G1)
BENCH row=random_edits_1e5 col=open p50=0.003 p99=0.013 unit=ms n=3 gate=none status=TRACK
BENCH row=random_edits_1e5 col=first_op p50=0.004 p99=0.035 unit=ms n=3 gate=none status=TRACK
BENCH row=random_edits_1e5 col=mem_open p50=19704 p99=19704 unit=B n=1 gate=p99<=2524288B status=PASS
BENCH row=random_edits_1e5 col=batch_total p50=2259.836 p99=2311.499 unit=ms n=3 gate=none status=TRACK
BENCH row=random_edits_1e5 col=insert p50=17.057 p99=81.756 unit=us n=49906 gate=p99<=50us status=MISS
BENCH row=random_edits_1e5 col=delete p50=17.213 p99=83.328 unit=us n=50094 gate=p99<=50us status=MISS
BENCH row=random_edits_1e5 col=peak_mem p50=9276376 p99=9276376 unit=B n=1 gate=p99<=21085244B status=PASS
BENCH row=random_edits_1e5 col=pieces p50=150862 p99=150862 unit=count n=1 gate=none status=TRACK
BENCH row=random_edits_1e5 col=read_viewport p50=3.175 p99=4.535 unit=us n=300 gate=none status=TRACK
BENCH row=random_edits_1e5 col=byte_to_line p50=0.920 p99=3.322 unit=us n=1000 gate=none status=TRACK
BENCH row=random_edits_1e5 col=line_to_byte p50=1.076 p99=3.270 unit=us n=1000 gate=none status=TRACK

== random_edits_1e5 ==
col                             p50          p99 unit        n  gate                     status
open                          0.003        0.013 ms          3  none                     TRACK
first_op                      0.004        0.035 ms          3  none                     TRACK
mem_open                  19704.000    19704.000 B           1  p99<=2524288B            PASS
batch_total                2259.836     2311.499 ms          3  none                     TRACK
insert                       17.057       81.756 us      49906  p99<=50us                MISS
delete                       17.213       83.328 us      50094  p99<=50us                MISS
peak_mem                9276376.000  9276376.000 B           1  p99<=21085244B           PASS
pieces                   150862.000   150862.000 count       1  none                     TRACK
read_viewport                 3.175        4.535 us        300  none                     TRACK
byte_to_line                  0.920        3.322 us       1000  none                     TRACK
line_to_byte                  1.076        3.270 us       1000  none                     TRACK
context: UI-thread slice ceiling 0.5 ms (perf s3); per-op gate 50 us (s2.6, inside G1)
note: batch_total gate (G9) includes a full frame; kernel passing is necessary, not sufficient
BENCH row=typing_1e4 col=open p50=0.353 p99=0.489 unit=ms n=3 gate=none status=TRACK
BENCH row=typing_1e4 col=first_op p50=0.355 p99=0.493 unit=ms n=3 gate=none status=TRACK
BENCH row=typing_1e4 col=mem_open p50=1051512 p99=1051512 unit=B n=1 gate=p99<=1376256B status=PASS
BENCH row=typing_1e4 col=batch_total p50=0.597 p99=0.724 unit=ms n=11 gate=none status=TRACK
BENCH row=typing_1e4 col=insert p50=0.022 p99=0.029 unit=us n=9474 gate=p99<=50us status=PASS
BENCH row=typing_1e4 col=delete p50=0.032 p99=0.041 unit=us n=526 gate=p99<=50us status=PASS
BENCH row=typing_1e4 col=peak_mem p50=1129624 p99=1129624 unit=B n=1 gate=p99<=1433108B status=PASS
BENCH row=typing_1e4 col=pieces p50=462 p99=462 unit=count n=1 gate=none status=TRACK
BENCH row=typing_1e4 col=read_viewport p50=2.508 p99=6.125 unit=us n=300 gate=none status=TRACK
BENCH row=typing_1e4 col=byte_to_line p50=9.947 p99=19.684 unit=us n=1000 gate=none status=TRACK
BENCH row=typing_1e4 col=line_to_byte p50=6.248 p99=11.725 unit=us n=1000 gate=none status=TRACK

== typing_1e4 ==
col                             p50          p99 unit        n  gate                     status
open                          0.353        0.489 ms          3  none                     TRACK
first_op                      0.355        0.493 ms          3  none                     TRACK
mem_open                1051512.000  1051512.000 B           1  p99<=1376256B            PASS
batch_total                   0.597        0.724 ms         11  none                     TRACK
insert                        0.022        0.029 us       9474  p99<=50us                PASS
delete                        0.032        0.041 us        526  p99<=50us                PASS
peak_mem                1129624.000  1129624.000 B           1  p99<=1433108B            PASS
pieces                      462.000      462.000 count       1  none                     TRACK
read_viewport                 2.508        6.125 us        300  none                     TRACK
byte_to_line                  9.947       19.684 us       1000  none                     TRACK
line_to_byte                  6.248       11.725 us       1000  none                     TRACK
context: UI-thread slice ceiling 0.5 ms (perf s3); per-op gate 50 us (s2.6, inside G1)
note: batch_total gate (G9) includes a full frame; kernel passing is necessary, not sufficient
BENCH row=undo_1e4 col=open p50=0.002 p99=0.009 unit=ms n=3 gate=none status=TRACK
BENCH row=undo_1e4 col=first_op p50=0.003 p99=0.023 unit=ms n=3 gate=none status=TRACK
BENCH row=undo_1e4 col=mem_open p50=19704 p99=19704 unit=B n=1 gate=p99<=2524288B status=PASS
BENCH row=undo_1e4 col=batch_total p50=55.814 p99=81.268 unit=ms n=11 gate=p50<=63ms,p99<=84ms status=PASS
BENCH row=undo_1e4 col=delete p50=2.043 p99=9.320 unit=us n=10000 gate=p99<=50us status=PASS
BENCH row=undo_1e4 col=insert_ref p50=1.099 p99=4.600 unit=us n=10000 gate=none status=TRACK
BENCH row=undo_1e4 col=peak_mem p50=1063896 p99=1063896 unit=B n=1 gate=p99<=4948392B status=PASS
BENCH row=undo_1e4 col=pieces p50=21028 p99=21028 unit=count n=1 gate=none status=TRACK
BENCH row=undo_1e4 col=read_viewport p50=3.121 p99=4.308 unit=us n=300 gate=none status=TRACK
BENCH row=undo_1e4 col=byte_to_line p50=5.253 p99=32.462 unit=us n=1000 gate=none status=TRACK
BENCH row=undo_1e4 col=line_to_byte p50=4.796 p99=26.946 unit=us n=1000 gate=none status=TRACK

== undo_1e4 ==
col                             p50          p99 unit        n  gate                     status
open                          0.002        0.009 ms          3  none                     TRACK
first_op                      0.003        0.023 ms          3  none                     TRACK
mem_open                  19704.000    19704.000 B           1  p99<=2524288B            PASS
batch_total                  55.814       81.268 ms         11  p50<=63ms,p99<=84ms      PASS
delete                        2.043        9.320 us      10000  p99<=50us                PASS
insert_ref                    1.099        4.600 us      10000  none                     TRACK
peak_mem                1063896.000  1063896.000 B           1  p99<=4948392B            PASS
pieces                    21028.000    21028.000 count       1  none                     TRACK
read_viewport                 3.121        4.308 us        300  none                     TRACK
byte_to_line                  5.253       32.462 us       1000  none                     TRACK
line_to_byte                  4.796       26.946 us       1000  none                     TRACK
context: UI-thread slice ceiling 0.5 ms (perf s3); per-op gate 50 us (s2.6, inside G1)
note: batch_total gate (G9) includes a full frame; kernel passing is necessary, not sufficient
BENCH row=undo_1e5 col=open p50=0.002 p99=0.009 unit=ms n=3 gate=none status=TRACK
BENCH row=undo_1e5 col=first_op p50=0.003 p99=0.025 unit=ms n=3 gate=none status=TRACK
BENCH row=undo_1e5 col=mem_open p50=19704 p99=19704 unit=B n=1 gate=p99<=2524288B status=PASS
BENCH row=undo_1e5 col=batch_total p50=4791.517 p99=4864.657 unit=ms n=3 gate=none status=TRACK
BENCH row=undo_1e5 col=delete p50=12.510 p99=69.575 unit=us n=100000 gate=p99<=50us status=MISS
BENCH row=undo_1e5 col=insert_ref p50=9.779 p99=75.943 unit=us n=100000 gate=none status=TRACK
BENCH row=undo_1e5 col=peak_mem p50=8555480 p99=8555480 unit=B n=1 gate=p99<=25912578B status=PASS
BENCH row=undo_1e5 col=pieces p50=201047 p99=201047 unit=count n=1 gate=none status=TRACK
BENCH row=undo_1e5 col=read_viewport p50=3.554 p99=8.877 unit=us n=300 gate=none status=TRACK
BENCH row=undo_1e5 col=byte_to_line p50=1.061 p99=3.837 unit=us n=1000 gate=none status=TRACK
BENCH row=undo_1e5 col=line_to_byte p50=1.261 p99=4.432 unit=us n=1000 gate=none status=TRACK

== undo_1e5 ==
col                             p50          p99 unit        n  gate                     status
open                          0.002        0.009 ms          3  none                     TRACK
first_op                      0.003        0.025 ms          3  none                     TRACK
mem_open                  19704.000    19704.000 B           1  p99<=2524288B            PASS
batch_total                4791.517     4864.657 ms          3  none                     TRACK
delete                       12.510       69.575 us     100000  p99<=50us                MISS
insert_ref                    9.779       75.943 us     100000  none                     TRACK
peak_mem                8555480.000  8555480.000 B           1  p99<=25912578B           PASS
pieces                   201047.000   201047.000 count       1  none                     TRACK
read_viewport                 3.554        8.877 us        300  none                     TRACK
byte_to_line                  1.061        3.837 us       1000  none                     TRACK
line_to_byte                  1.261        4.432 us       1000  none                     TRACK
context: UI-thread slice ceiling 0.5 ms (perf s3); per-op gate 50 us (s2.6, inside G1)
note: batch_total gate (G9) includes a full frame; kernel passing is necessary, not sufficient
BENCH row=paste_1m col=paste_1m p50=0.328 p99=0.724 unit=ms n=20 gate=p50<=5ms,p99<=15ms status=PASS
BENCH row=paste_1m col=peak_mem p50=2102136 p99=2102136 unit=B n=1 gate=p99<=2688704B status=PASS
BENCH row=paste_1m col=pieces p50=18 p99=18 unit=count n=1 gate=none status=TRACK

== paste_1m ==
col                             p50          p99 unit        n  gate                     status
paste_1m                      0.328        0.724 ms         20  p50<=5ms,p99<=15ms       PASS
peak_mem                2102136.000  2102136.000 B           1  p99<=2688704B            PASS
pieces                       18.000       18.000 count       1  none                     TRACK
note: G9 1 MB paste 5 / 15 ms includes a full frame; kernel passing is necessary, not sufficient
BENCH row=snapshots_100 col=insert p50=1.781 p99=7.624 unit=us n=4967 gate=p99<=50us status=PASS
BENCH row=snapshots_100 col=delete p50=1.688 p99=7.661 unit=us n=5033 gate=p99<=50us status=PASS
BENCH row=snapshots_100 col=snapshot_take p50=40.052 p99=125.575 unit=us n=100 gate=none status=TRACK
BENCH row=snapshots_100 col=read_viewport p50=6.564 p99=9.779 unit=us n=100 gate=none status=TRACK
BENCH row=snapshots_100 col=peak_mem p50=13106424 p99=13106424 unit=B n=1 gate=none status=TRACK
BENCH row=snapshots_100 col=pathcopy_ref p50=19200000 p99=19200000 unit=B n=1 gate=none status=TRACK
BENCH row=snapshots_100 col=pieces p50=13868 p99=13868 unit=count n=1 gate=none status=TRACK
BENCH row=snapshots_100 col=snapshot_release_all p50=0.323 p99=0.323 unit=ms n=1 gate=none status=TRACK

== snapshots_100 ==
col                             p50          p99 unit        n  gate                     status
insert                        1.781        7.624 us       4967  p99<=50us                PASS
delete                        1.688        7.661 us       5033  p99<=50us                PASS
snapshot_take                40.052      125.575 us        100  none                     TRACK
read_viewport                 6.564        9.779 us        100  none                     TRACK
peak_mem               13106424.000 13106424.000 B           1  none                     TRACK
pathcopy_ref           19200000.000 19200000.000 B           1  none                     TRACK
pieces                    13868.000    13868.000 count       1  none                     TRACK
snapshot_release_all          0.323        0.323 ms          1  none                     TRACK
context: UI-thread slice ceiling 0.5 ms (perf s3); per-op gate 50 us (s2.6, inside G1)
context: pathcopy_ref = 1920 B per edit while a snapshot is live (perf s2.6); peak_mem is TRACK, not gated
BENCH row=line_jump_1e7 col=open p50=0.005 p99=0.011 unit=ms n=5 gate=none status=TRACK
BENCH row=line_jump_1e7 col=line_to_byte_first p50=35.257 p99=36.861 unit=ms n=5 gate=p50<=30ms,p99<=50ms status=MISS
BENCH row=line_jump_1e7 col=line_to_byte p50=0.000 p99=0.001 unit=ms n=200 gate=none status=TRACK
BENCH row=line_jump_1e7 col=byte_to_line p50=0.089 p99=0.240 unit=ms n=200 gate=none status=TRACK

== line_jump_1e7 ==
col                             p50          p99 unit        n  gate                     status
open                          0.005        0.011 ms          5  none                     TRACK
line_to_byte_first           35.257       36.861 ms          5  p50<=30ms,p99<=50ms      MISS
line_to_byte                  0.000        0.001 ms        200  none                     TRACK
byte_to_line                  0.089        0.240 ms        200  none                     TRACK
context: G7j unindexed jump 30 / 50 ms is Target A, warm, [AC, prov]; this box is on battery
# piece_bench GATE MISS
