BENCH row=build col=text_size p50=18103 p99=18103 unit=B n=1 gate=none status=TRACK
# piece_bench quick=0 huge=0 cap=60s corpus=/tmp/edit-corpus power=Charging [AC]
BENCH row=code_1m col=open p50=0.195 p99=0.815 unit=ms n=20 gate=none status=TRACK
BENCH row=code_1m col=first_op p50=0.195 p99=0.816 unit=ms n=20 gate=none status=TRACK
BENCH row=code_1m col=mem_open p50=1052248 p99=1052248 unit=B n=1 gate=p99<=1376256B status=PASS
BENCH row=code_1m col=insert p50=0.887 p99=4.240 unit=us n=1024 gate=p99<=50us status=PASS
BENCH row=code_1m col=delete p50=0.495 p99=2.818 unit=us n=976 gate=p99<=50us status=PASS
BENCH row=code_1m col=peak_mem p50=1350469 p99=1350469 unit=B n=1 gate=p99<=1718087B status=PASS
BENCH row=code_1m col=pieces p50=2720 p99=2720 unit=count n=1 gate=none status=TRACK
BENCH row=code_1m col=read_viewport p50=8.391 p99=11.535 unit=us n=300 gate=none status=TRACK
BENCH row=code_1m col=byte_to_line p50=0.246 p99=0.465 unit=us n=1000 gate=none status=TRACK
BENCH row=code_1m col=line_to_byte p50=0.334 p99=0.943 unit=us n=1000 gate=none status=TRACK

== code_1m ==
col                             p50          p99 unit        n  gate                     status
open                          0.195        0.815 ms         20  none                     TRACK
first_op                      0.195        0.816 ms         20  none                     TRACK
mem_open                1052248.000  1052248.000 B           1  p99<=1376256B            PASS
insert                        0.887        4.240 us       1024  p99<=50us                PASS
delete                        0.495        2.818 us        976  p99<=50us                PASS
peak_mem                1350469.000  1350469.000 B           1  p99<=1718087B            PASS
pieces                     2720.000     2720.000 count       1  none                     TRACK
read_viewport                 8.391       11.535 us        300  none                     TRACK
byte_to_line                  0.246        0.465 us       1000  none                     TRACK
line_to_byte                  0.334        0.943 us       1000  none                     TRACK
context: G5 open warm 6 / 9 ms (s0.2), end-to-end incl. frame; not a gate here
context: UI-thread slice ceiling 0.5 ms (perf s3); per-op gate 50 us (s2.6, inside G1)
BENCH row=log_1g col=open p50=0.712 p99=1.017 unit=ms n=5 gate=none status=TRACK
BENCH row=log_1g col=first_op p50=0.714 p99=1.020 unit=ms n=5 gate=none status=TRACK
BENCH row=log_1g col=mem_open p50=403664 p99=403664 unit=B n=1 gate=p99<=2524288B status=PASS
BENCH row=log_1g col=insert p50=3.667 p99=6.426 unit=us n=1024 gate=p99<=50us status=PASS
BENCH row=log_1g col=delete p50=0.178 p99=1.516 unit=us n=976 gate=p99<=50us status=PASS
BENCH row=log_1g col=peak_mem p50=1013954 p99=1013954 unit=B n=1 gate=p99<=4468071B status=PASS
BENCH row=log_1g col=pieces p50=19407 p99=19407 unit=count n=1 gate=none status=TRACK
BENCH row=log_1g col=read_viewport p50=2.702 p99=3.234 unit=us n=300 gate=none status=TRACK
BENCH row=log_1g col=byte_to_line p50=2.287 p99=4.557 unit=us n=1000 gate=none status=TRACK
BENCH row=log_1g col=line_to_byte p50=2.245 p99=4.122 unit=us n=1000 gate=none status=TRACK

== log_1g ==
col                             p50          p99 unit        n  gate                     status
open                          0.712        1.017 ms          5  none                     TRACK
first_op                      0.714        1.020 ms          5  none                     TRACK
mem_open                 403664.000   403664.000 B           1  p99<=2524288B            PASS
insert                        3.667        6.426 us       1024  p99<=50us                PASS
delete                        0.178        1.516 us        976  p99<=50us                PASS
peak_mem                1013954.000  1013954.000 B           1  p99<=4468071B            PASS
pieces                    19407.000    19407.000 count       1  none                     TRACK
read_viewport                 2.702        3.234 us        300  none                     TRACK
byte_to_line                  2.287        4.557 us       1000  none                     TRACK
line_to_byte                  2.245        4.122 us       1000  none                     TRACK
context: G5 open warm 6 / 9 ms (s0.2), end-to-end incl. frame; not a gate here
context: UI-thread slice ceiling 0.5 ms (perf s3); per-op gate 50 us (s2.6, inside G1)
BENCH row=oneline_1g col=open p50=0.727 p99=0.909 unit=ms n=5 gate=none status=TRACK
BENCH row=oneline_1g col=first_op p50=0.729 p99=0.911 unit=ms n=5 gate=none status=TRACK
BENCH row=oneline_1g col=mem_open p50=403664 p99=403664 unit=B n=1 gate=p99<=2524288B status=PASS
BENCH row=oneline_1g col=insert p50=3.492 p99=6.309 unit=us n=1024 gate=p99<=50us status=PASS
BENCH row=oneline_1g col=delete p50=0.177 p99=1.678 unit=us n=976 gate=p99<=50us status=PASS
BENCH row=oneline_1g col=peak_mem p50=1013954 p99=1013954 unit=B n=1 gate=p99<=4468071B status=PASS
BENCH row=oneline_1g col=pieces p50=19407 p99=19407 unit=count n=1 gate=none status=TRACK
BENCH row=oneline_1g col=read_viewport p50=2.946 p99=4.285 unit=us n=300 gate=none status=TRACK
BENCH row=oneline_1g col=byte_to_line p50=2.320 p99=4.710 unit=us n=1000 gate=none status=TRACK
BENCH row=oneline_1g col=line_to_byte p50=0.156 p99=0.431 unit=us n=1000 gate=none status=TRACK

== oneline_1g ==
col                             p50          p99 unit        n  gate                     status
open                          0.727        0.909 ms          5  none                     TRACK
first_op                      0.729        0.911 ms          5  none                     TRACK
mem_open                 403664.000   403664.000 B           1  p99<=2524288B            PASS
insert                        3.492        6.309 us       1024  p99<=50us                PASS
delete                        0.177        1.678 us        976  p99<=50us                PASS
peak_mem                1013954.000  1013954.000 B           1  p99<=4468071B            PASS
pieces                    19407.000    19407.000 count       1  none                     TRACK
read_viewport                 2.946        4.285 us        300  none                     TRACK
byte_to_line                  2.320        4.710 us       1000  none                     TRACK
line_to_byte                  0.156        0.431 us       1000  none                     TRACK
context: G5 open warm 6 / 9 ms (s0.2), end-to-end incl. frame; not a gate here
context: UI-thread slice ceiling 0.5 ms (perf s3); per-op gate 50 us (s2.6, inside G1)
piece_bench: row oneline_10g SKIP (needs --huge)
BENCH row=oneline_10g col=open p50=0.000 p99=0.000 unit=ns n=0 gate=none status=SKIP

== oneline_10g ==
col                             p50          p99 unit        n  gate                     status
open                          0.000        0.000 ns          0  none                     SKIP
BENCH row=dense_short col=open p50=28.484 p99=30.361 unit=ms n=10 gate=none status=TRACK
BENCH row=dense_short col=first_op p50=28.485 p99=30.364 unit=ms n=10 gate=none status=TRACK
BENCH row=dense_short col=mem_open p50=67134096 p99=67134096 unit=B n=1 gate=p99<=83951616B status=PASS
BENCH row=dense_short col=insert p50=1.388 p99=4.003 unit=us n=1024 gate=p99<=50us status=PASS
BENCH row=dense_short col=delete p50=1.175 p99=3.159 unit=us n=976 gate=p99<=50us status=PASS
BENCH row=dense_short col=peak_mem p50=67465215 p99=67465215 unit=B n=1 gate=p99<=84420551B status=PASS
BENCH row=dense_short col=pieces p50=4044 p99=4044 unit=count n=1 gate=none status=TRACK
BENCH row=dense_short col=read_viewport p50=1.742 p99=2.142 unit=us n=300 gate=none status=TRACK
BENCH row=dense_short col=byte_to_line p50=1.304 p99=4.847 unit=us n=1000 gate=none status=TRACK
BENCH row=dense_short col=line_to_byte p50=2.707 p99=5.811 unit=us n=1000 gate=none status=TRACK

== dense_short ==
col                             p50          p99 unit        n  gate                     status
open                         28.484       30.361 ms         10  none                     TRACK
first_op                     28.485       30.364 ms         10  none                     TRACK
mem_open               67134096.000 67134096.000 B           1  p99<=83951616B           PASS
insert                        1.388        4.003 us       1024  p99<=50us                PASS
delete                        1.175        3.159 us        976  p99<=50us                PASS
peak_mem               67465215.000 67465215.000 B           1  p99<=84420551B           PASS
pieces                     4044.000     4044.000 count       1  none                     TRACK
read_viewport                 1.742        2.142 us        300  none                     TRACK
byte_to_line                  1.304        4.847 us       1000  none                     TRACK
line_to_byte                  2.707        5.811 us       1000  none                     TRACK
context: G5 open warm 6 / 9 ms (s0.2), end-to-end incl. frame; not a gate here
context: UI-thread slice ceiling 0.5 ms (perf s3); per-op gate 50 us (s2.6, inside G1)
BENCH row=random_edits_1e5 col=open p50=0.798 p99=0.980 unit=ms n=3 gate=none status=TRACK
BENCH row=random_edits_1e5 col=first_op p50=0.800 p99=0.983 unit=ms n=3 gate=none status=TRACK
BENCH row=random_edits_1e5 col=mem_open p50=403664 p99=403664 unit=B n=1 gate=p99<=2524288B status=PASS
BENCH row=random_edits_1e5 col=batch_total p50=51.303 p99=106.273 unit=ms n=3 gate=none status=TRACK
BENCH row=random_edits_1e5 col=insert p50=0.561 p99=1.572 unit=us n=49906 gate=p99<=50us status=PASS
BENCH row=random_edits_1e5 col=delete p50=0.262 p99=0.705 unit=us n=50094 gate=p99<=50us status=PASS
BENCH row=random_edits_1e5 col=peak_mem p50=16567035 p99=16567035 unit=B n=1 gate=p99<=22483484B status=PASS
BENCH row=random_edits_1e5 col=pieces p50=165427 p99=165427 unit=count n=1 gate=none status=TRACK
BENCH row=random_edits_1e5 col=read_viewport p50=3.420 p99=4.584 unit=us n=300 gate=none status=TRACK
BENCH row=random_edits_1e5 col=byte_to_line p50=1.452 p99=3.592 unit=us n=1000 gate=none status=TRACK
BENCH row=random_edits_1e5 col=line_to_byte p50=1.465 p99=3.169 unit=us n=1000 gate=none status=TRACK

== random_edits_1e5 ==
col                             p50          p99 unit        n  gate                     status
open                          0.798        0.980 ms          3  none                     TRACK
first_op                      0.800        0.983 ms          3  none                     TRACK
mem_open                 403664.000   403664.000 B           1  p99<=2524288B            PASS
batch_total                  51.303      106.273 ms          3  none                     TRACK
insert                        0.561        1.572 us      49906  p99<=50us                PASS
delete                        0.262        0.705 us      50094  p99<=50us                PASS
peak_mem               16567035.000 16567035.000 B           1  p99<=22483484B           PASS
pieces                   165427.000   165427.000 count       1  none                     TRACK
read_viewport                 3.420        4.584 us        300  none                     TRACK
byte_to_line                  1.452        3.592 us       1000  none                     TRACK
line_to_byte                  1.465        3.169 us       1000  none                     TRACK
context: UI-thread slice ceiling 0.5 ms (perf s3); per-op gate 50 us (s2.6, inside G1)
note: batch_total gate (G9) includes a full frame; kernel passing is necessary, not sufficient
BENCH row=typing_1e4 col=open p50=0.430 p99=0.531 unit=ms n=3 gate=none status=TRACK
BENCH row=typing_1e4 col=first_op p50=0.430 p99=0.532 unit=ms n=3 gate=none status=TRACK
BENCH row=typing_1e4 col=mem_open p50=1052248 p99=1052248 unit=B n=1 gate=p99<=1376256B status=PASS
BENCH row=typing_1e4 col=batch_total p50=0.632 p99=0.859 unit=ms n=11 gate=none status=TRACK
BENCH row=typing_1e4 col=insert p50=0.031 p99=0.051 unit=us n=9474 gate=p99<=50us status=PASS
BENCH row=typing_1e4 col=delete p50=0.038 p99=0.069 unit=us n=526 gate=p99<=50us status=PASS
BENCH row=typing_1e4 col=peak_mem p50=1128296 p99=1128296 unit=B n=1 gate=p99<=1390772B status=PASS
BENCH row=typing_1e4 col=pieces p50=21 p99=21 unit=count n=1 gate=none status=TRACK
BENCH row=typing_1e4 col=read_viewport p50=2.464 p99=3.000 unit=us n=300 gate=none status=TRACK
BENCH row=typing_1e4 col=byte_to_line p50=1.295 p99=2.639 unit=us n=1000 gate=none status=TRACK
BENCH row=typing_1e4 col=line_to_byte p50=1.064 p99=1.939 unit=us n=1000 gate=none status=TRACK

== typing_1e4 ==
col                             p50          p99 unit        n  gate                     status
open                          0.430        0.531 ms          3  none                     TRACK
first_op                      0.430        0.532 ms          3  none                     TRACK
mem_open                1052248.000  1052248.000 B           1  p99<=1376256B            PASS
batch_total                   0.632        0.859 ms         11  none                     TRACK
insert                        0.031        0.051 us       9474  p99<=50us                PASS
delete                        0.038        0.069 us        526  p99<=50us                PASS
peak_mem                1128296.000  1128296.000 B           1  p99<=1390772B            PASS
pieces                       21.000       21.000 count       1  none                     TRACK
read_viewport                 2.464        3.000 us        300  none                     TRACK
byte_to_line                  1.295        2.639 us       1000  none                     TRACK
line_to_byte                  1.064        1.939 us       1000  none                     TRACK
context: UI-thread slice ceiling 0.5 ms (perf s3); per-op gate 50 us (s2.6, inside G1)
note: batch_total gate (G9) includes a full frame; kernel passing is necessary, not sufficient
BENCH row=undo_1e4 col=open p50=0.803 p99=1.163 unit=ms n=3 gate=none status=TRACK
BENCH row=undo_1e4 col=first_op p50=0.806 p99=1.166 unit=ms n=3 gate=none status=TRACK
BENCH row=undo_1e4 col=mem_open p50=403664 p99=403664 unit=B n=1 gate=p99<=2524288B status=PASS
BENCH row=undo_1e4 col=batch_total p50=5.374 p99=30.423 unit=ms n=11 gate=p50<=63ms,p99<=84ms status=PASS
BENCH row=undo_1e4 col=delete p50=0.241 p99=1.329 unit=us n=10000 gate=p99<=50us status=PASS
BENCH row=undo_1e4 col=insert_ref p50=0.174 p99=0.255 unit=us n=10000 gate=none status=TRACK
BENCH row=undo_1e4 col=peak_mem p50=1794000 p99=1794000 unit=B n=1 gate=p99<=6422376B status=PASS
BENCH row=undo_1e4 col=pieces p50=36382 p99=36382 unit=count n=1 gate=none status=TRACK
BENCH row=undo_1e4 col=read_viewport p50=2.768 p99=3.350 unit=us n=300 gate=none status=TRACK
BENCH row=undo_1e4 col=byte_to_line p50=2.000 p99=4.440 unit=us n=1000 gate=none status=TRACK
BENCH row=undo_1e4 col=line_to_byte p50=1.959 p99=4.179 unit=us n=1000 gate=none status=TRACK

== undo_1e4 ==
col                             p50          p99 unit        n  gate                     status
open                          0.803        1.163 ms          3  none                     TRACK
first_op                      0.806        1.166 ms          3  none                     TRACK
mem_open                 403664.000   403664.000 B           1  p99<=2524288B            PASS
batch_total                   5.374       30.423 ms         11  p50<=63ms,p99<=84ms      PASS
delete                        0.241        1.329 us      10000  p99<=50us                PASS
insert_ref                    0.174        0.255 us      10000  none                     TRACK
peak_mem                1794000.000  1794000.000 B           1  p99<=6422376B            PASS
pieces                    36382.000    36382.000 count       1  none                     TRACK
read_viewport                 2.768        3.350 us        300  none                     TRACK
byte_to_line                  2.000        4.440 us       1000  none                     TRACK
line_to_byte                  1.959        4.179 us       1000  none                     TRACK
context: UI-thread slice ceiling 0.5 ms (perf s3); per-op gate 50 us (s2.6, inside G1)
note: batch_total gate (G9) includes a full frame; kernel passing is necessary, not sufficient
BENCH row=undo_1e5 col=open p50=0.751 p99=1.078 unit=ms n=3 gate=none status=TRACK
BENCH row=undo_1e5 col=first_op p50=0.753 p99=1.080 unit=ms n=3 gate=none status=TRACK
BENCH row=undo_1e5 col=mem_open p50=403664 p99=403664 unit=B n=1 gate=p99<=2524288B status=PASS
BENCH row=undo_1e5 col=batch_total p50=109.381 p99=160.236 unit=ms n=3 gate=none status=TRACK
BENCH row=undo_1e5 col=delete p50=0.446 p99=1.868 unit=us n=100000 gate=p99<=50us status=PASS
BENCH row=undo_1e5 col=insert_ref p50=0.272 p99=0.727 unit=us n=100000 gate=none status=TRACK
BENCH row=undo_1e5 col=peak_mem p50=10287344 p99=10287344 unit=B n=1 gate=p99<=27368130B status=PASS
BENCH row=undo_1e5 col=pieces p50=216209 p99=216209 unit=count n=1 gate=none status=TRACK
BENCH row=undo_1e5 col=read_viewport p50=3.471 p99=4.756 unit=us n=300 gate=none status=TRACK
BENCH row=undo_1e5 col=byte_to_line p50=1.529 p99=3.786 unit=us n=1000 gate=none status=TRACK
BENCH row=undo_1e5 col=line_to_byte p50=1.543 p99=3.322 unit=us n=1000 gate=none status=TRACK

== undo_1e5 ==
col                             p50          p99 unit        n  gate                     status
open                          0.751        1.078 ms          3  none                     TRACK
first_op                      0.753        1.080 ms          3  none                     TRACK
mem_open                 403664.000   403664.000 B           1  p99<=2524288B            PASS
batch_total                 109.381      160.236 ms          3  none                     TRACK
delete                        0.446        1.868 us     100000  p99<=50us                PASS
insert_ref                    0.272        0.727 us     100000  none                     TRACK
peak_mem               10287344.000 10287344.000 B           1  p99<=27368130B           PASS
pieces                   216209.000   216209.000 count       1  none                     TRACK
read_viewport                 3.471        4.756 us        300  none                     TRACK
byte_to_line                  1.529        3.786 us       1000  none                     TRACK
line_to_byte                  1.543        3.322 us       1000  none                     TRACK
context: UI-thread slice ceiling 0.5 ms (perf s3); per-op gate 50 us (s2.6, inside G1)
note: batch_total gate (G9) includes a full frame; kernel passing is necessary, not sufficient
BENCH row=paste_1m col=paste_1m p50=0.074 p99=0.396 unit=ms n=20 gate=p50<=5ms,p99<=15ms status=PASS
BENCH row=paste_1m col=peak_mem p50=2100952 p99=2100952 unit=B n=1 gate=p99<=2690144B status=PASS
BENCH row=paste_1m col=pieces p50=33 p99=33 unit=count n=1 gate=none status=TRACK

== paste_1m ==
col                             p50          p99 unit        n  gate                     status
paste_1m                      0.074        0.396 ms         20  p50<=5ms,p99<=15ms       PASS
peak_mem                2100952.000  2100952.000 B           1  p99<=2690144B            PASS
pieces                       33.000       33.000 count       1  none                     TRACK
note: G9 1 MB paste 5 / 15 ms includes a full frame; kernel passing is necessary, not sufficient
BENCH row=snapshots_100 col=insert p50=0.880 p99=5.219 unit=us n=4967 gate=p99<=50us status=PASS
BENCH row=snapshots_100 col=delete p50=0.627 p99=4.997 unit=us n=5033 gate=p99<=50us status=PASS
BENCH row=snapshots_100 col=snapshot_take p50=1.702 p99=4.212 unit=us n=100 gate=none status=TRACK
BENCH row=snapshots_100 col=read_viewport p50=7.602 p99=17.479 unit=us n=100 gate=none status=TRACK
BENCH row=snapshots_100 col=peak_mem p50=16586977 p99=16586977 unit=B n=1 gate=none status=TRACK
BENCH row=snapshots_100 col=pathcopy_ref p50=19200000 p99=19200000 unit=B n=1 gate=none status=TRACK
BENCH row=snapshots_100 col=pieces p50=9439 p99=9439 unit=count n=1 gate=none status=TRACK
BENCH row=snapshots_100 col=snapshot_release_all p50=2.586 p99=2.586 unit=ms n=1 gate=none status=TRACK

== snapshots_100 ==
col                             p50          p99 unit        n  gate                     status
insert                        0.880        5.219 us       4967  p99<=50us                PASS
delete                        0.627        4.997 us       5033  p99<=50us                PASS
snapshot_take                 1.702        4.212 us        100  none                     TRACK
read_viewport                 7.602       17.479 us        100  none                     TRACK
peak_mem               16586977.000 16586977.000 B           1  none                     TRACK
pathcopy_ref           19200000.000 19200000.000 B           1  none                     TRACK
pieces                     9439.000     9439.000 count       1  none                     TRACK
snapshot_release_all          2.586        2.586 ms          1  none                     TRACK
context: UI-thread slice ceiling 0.5 ms (perf s3); per-op gate 50 us (s2.6, inside G1)
context: pathcopy_ref = 1920 B per edit while a snapshot is live (perf s2.6); peak_mem is TRACK, not gated
BENCH row=line_jump_1e7 col=open p50=0.632 p99=1.164 unit=ms n=5 gate=none status=TRACK
BENCH row=line_jump_1e7 col=line_to_byte_first p50=85.254 p99=136.448 unit=ms n=5 gate=p50<=30ms,p99<=50ms status=MISS
BENCH row=line_jump_1e7 col=line_to_byte p50=0.000 p99=0.000 unit=ms n=200 gate=none status=TRACK
BENCH row=line_jump_1e7 col=byte_to_line p50=0.002 p99=0.005 unit=ms n=200 gate=none status=TRACK

== line_jump_1e7 ==
col                             p50          p99 unit        n  gate                     status
open                          0.632        1.164 ms          5  none                     TRACK
line_to_byte_first           85.254      136.448 ms          5  p50<=30ms,p99<=50ms      MISS
line_to_byte                  0.000        0.000 ms        200  none                     TRACK
byte_to_line                  0.002        0.005 ms        200  none                     TRACK
context: G7j unindexed jump 30 / 50 ms is Target A, warm, [AC, prov]; this box is on battery
# piece_bench GATE MISS
