BENCH row=build col=text_size p50=17533 p99=17533 unit=B n=1 gate=none status=TRACK
# piece_bench quick=0 huge=0 cap=60s corpus=/tmp/edit-corpus power=Charging [AC]
BENCH row=code_1m col=open p50=0.088 p99=0.405 unit=ms n=20 gate=none status=TRACK
BENCH row=code_1m col=first_op p50=0.088 p99=0.407 unit=ms n=20 gate=none status=TRACK
BENCH row=code_1m col=mem_open p50=1065272 p99=1065272 unit=B n=1 gate=p99<=1376256B status=PASS
BENCH row=code_1m col=insert p50=0.458 p99=3.234 unit=us n=1024 gate=p99<=50us status=PASS
BENCH row=code_1m col=delete p50=0.641 p99=4.936 unit=us n=976 gate=p99<=50us status=PASS
BENCH row=code_1m col=peak_mem p50=1327544 p99=1327544 unit=B n=1 gate=p99<=1741703B status=PASS
BENCH row=code_1m col=pieces p50=2966 p99=2966 unit=count n=1 gate=none status=TRACK
BENCH row=code_1m col=read_viewport p50=9.615 p99=12.872 unit=us n=300 gate=none status=TRACK
BENCH row=code_1m col=byte_to_line p50=0.224 p99=0.385 unit=us n=1000 gate=none status=TRACK
BENCH row=code_1m col=line_to_byte p50=0.305 p99=0.732 unit=us n=1000 gate=none status=TRACK

== code_1m ==
col                             p50          p99 unit        n  gate                     status
open                          0.088        0.405 ms         20  none                     TRACK
first_op                      0.088        0.407 ms         20  none                     TRACK
mem_open                1065272.000  1065272.000 B           1  p99<=1376256B            PASS
insert                        0.458        3.234 us       1024  p99<=50us                PASS
delete                        0.641        4.936 us        976  p99<=50us                PASS
peak_mem                1327544.000  1327544.000 B           1  p99<=1741703B            PASS
pieces                     2966.000     2966.000 count       1  none                     TRACK
read_viewport                 9.615       12.872 us        300  none                     TRACK
byte_to_line                  0.224        0.385 us       1000  none                     TRACK
line_to_byte                  0.305        0.732 us       1000  none                     TRACK
context: G5 open warm 6 / 9 ms (s0.2), end-to-end incl. frame; not a gate here
context: UI-thread slice ceiling 0.5 ms (perf s3); per-op gate 50 us (s2.6, inside G1)
BENCH row=log_1g col=open p50=0.001 p99=0.034 unit=ms n=5 gate=none status=TRACK
BENCH row=log_1g col=first_op p50=0.002 p99=0.047 unit=ms n=5 gate=none status=TRACK
BENCH row=log_1g col=mem_open p50=82168 p99=82168 unit=B n=1 gate=p99<=2524288B status=PASS
BENCH row=log_1g col=insert p50=0.297 p99=11.843 unit=us n=1024 gate=p99<=50us status=PASS
BENCH row=log_1g col=delete p50=4.366 p99=11.119 unit=us n=976 gate=p99<=50us status=PASS
BENCH row=log_1g col=peak_mem p50=344440 p99=344440 unit=B n=1 gate=p99<=2895399B status=PASS
BENCH row=log_1g col=pieces p50=3025 p99=3025 unit=count n=1 gate=none status=TRACK
BENCH row=log_1g col=read_viewport p50=2.750 p99=3.436 unit=us n=300 gate=none status=TRACK
BENCH row=log_1g col=byte_to_line p50=4.717 p99=8.747 unit=us n=1000 gate=none status=TRACK
BENCH row=log_1g col=line_to_byte p50=4.424 p99=8.104 unit=us n=1000 gate=none status=TRACK

== log_1g ==
col                             p50          p99 unit        n  gate                     status
open                          0.001        0.034 ms          5  none                     TRACK
first_op                      0.002        0.047 ms          5  none                     TRACK
mem_open                  82168.000    82168.000 B           1  p99<=2524288B            PASS
insert                        0.297       11.843 us       1024  p99<=50us                PASS
delete                        4.366       11.119 us        976  p99<=50us                PASS
peak_mem                 344440.000   344440.000 B           1  p99<=2895399B            PASS
pieces                     3025.000     3025.000 count       1  none                     TRACK
read_viewport                 2.750        3.436 us        300  none                     TRACK
byte_to_line                  4.717        8.747 us       1000  none                     TRACK
line_to_byte                  4.424        8.104 us       1000  none                     TRACK
context: G5 open warm 6 / 9 ms (s0.2), end-to-end incl. frame; not a gate here
context: UI-thread slice ceiling 0.5 ms (perf s3); per-op gate 50 us (s2.6, inside G1)
BENCH row=oneline_1g col=open p50=0.002 p99=0.030 unit=ms n=5 gate=none status=TRACK
BENCH row=oneline_1g col=first_op p50=0.002 p99=0.041 unit=ms n=5 gate=none status=TRACK
BENCH row=oneline_1g col=mem_open p50=82168 p99=82168 unit=B n=1 gate=p99<=2524288B status=PASS
BENCH row=oneline_1g col=insert p50=0.298 p99=11.209 unit=us n=1024 gate=p99<=50us status=PASS
BENCH row=oneline_1g col=delete p50=4.117 p99=10.832 unit=us n=976 gate=p99<=50us status=PASS
BENCH row=oneline_1g col=peak_mem p50=344440 p99=344440 unit=B n=1 gate=p99<=2895399B status=PASS
BENCH row=oneline_1g col=pieces p50=3025 p99=3025 unit=count n=1 gate=none status=TRACK
BENCH row=oneline_1g col=read_viewport p50=2.363 p99=4.268 unit=us n=300 gate=none status=TRACK
BENCH row=oneline_1g col=byte_to_line p50=4.657 p99=8.799 unit=us n=1000 gate=none status=TRACK
BENCH row=oneline_1g col=line_to_byte p50=0.102 p99=0.292 unit=us n=1000 gate=none status=TRACK

== oneline_1g ==
col                             p50          p99 unit        n  gate                     status
open                          0.002        0.030 ms          5  none                     TRACK
first_op                      0.002        0.041 ms          5  none                     TRACK
mem_open                  82168.000    82168.000 B           1  p99<=2524288B            PASS
insert                        0.298       11.209 us       1024  p99<=50us                PASS
delete                        4.117       10.832 us        976  p99<=50us                PASS
peak_mem                 344440.000   344440.000 B           1  p99<=2895399B            PASS
pieces                     3025.000     3025.000 count       1  none                     TRACK
read_viewport                 2.363        4.268 us        300  none                     TRACK
byte_to_line                  4.657        8.799 us       1000  none                     TRACK
line_to_byte                  0.102        0.292 us       1000  none                     TRACK
context: G5 open warm 6 / 9 ms (s0.2), end-to-end incl. frame; not a gate here
context: UI-thread slice ceiling 0.5 ms (perf s3); per-op gate 50 us (s2.6, inside G1)
piece_bench: row oneline_10g SKIP (needs --huge)
BENCH row=oneline_10g col=open p50=0.000 p99=0.000 unit=ns n=0 gate=none status=SKIP

== oneline_10g ==
col                             p50          p99 unit        n  gate                     status
open                          0.000        0.000 ns          0  none                     SKIP
BENCH row=dense_short col=open p50=27.252 p99=30.545 unit=ms n=10 gate=none status=TRACK
BENCH row=dense_short col=first_op p50=27.254 p99=30.549 unit=ms n=10 gate=none status=TRACK
BENCH row=dense_short col=mem_open p50=67129592 p99=67129592 unit=B n=1 gate=p99<=83951616B status=PASS
BENCH row=dense_short col=insert p50=2.621 p99=10.354 unit=us n=1024 gate=p99<=50us status=PASS
BENCH row=dense_short col=delete p50=2.956 p99=10.942 unit=us n=976 gate=p99<=50us status=PASS
BENCH row=dense_short col=peak_mem p50=67391864 p99=67391864 unit=B n=1 gate=p99<=84322727B status=PASS
BENCH row=dense_short col=pieces p50=3025 p99=3025 unit=count n=1 gate=none status=TRACK
BENCH row=dense_short col=read_viewport p50=1.801 p99=2.039 unit=us n=300 gate=none status=TRACK
BENCH row=dense_short col=byte_to_line p50=1.770 p99=7.888 unit=us n=1000 gate=none status=TRACK
BENCH row=dense_short col=line_to_byte p50=3.103 p99=8.305 unit=us n=1000 gate=none status=TRACK

== dense_short ==
col                             p50          p99 unit        n  gate                     status
open                         27.252       30.545 ms         10  none                     TRACK
first_op                     27.254       30.549 ms         10  none                     TRACK
mem_open               67129592.000 67129592.000 B           1  p99<=83951616B           PASS
insert                        2.621       10.354 us       1024  p99<=50us                PASS
delete                        2.956       10.942 us        976  p99<=50us                PASS
peak_mem               67391864.000 67391864.000 B           1  p99<=84322727B           PASS
pieces                     3025.000     3025.000 count       1  none                     TRACK
read_viewport                 1.801        2.039 us        300  none                     TRACK
byte_to_line                  1.770        7.888 us       1000  none                     TRACK
line_to_byte                  3.103        8.305 us       1000  none                     TRACK
context: G5 open warm 6 / 9 ms (s0.2), end-to-end incl. frame; not a gate here
context: UI-thread slice ceiling 0.5 ms (perf s3); per-op gate 50 us (s2.6, inside G1)
BENCH row=random_edits_1e5 col=open p50=0.001 p99=0.029 unit=ms n=3 gate=none status=TRACK
BENCH row=random_edits_1e5 col=first_op p50=0.002 p99=0.041 unit=ms n=3 gate=none status=TRACK
BENCH row=random_edits_1e5 col=mem_open p50=82168 p99=82168 unit=B n=1 gate=p99<=2524288B status=PASS
BENCH row=random_edits_1e5 col=batch_total p50=333.101 p99=376.355 unit=ms n=3 gate=none status=TRACK
BENCH row=random_edits_1e5 col=insert p50=2.860 p99=7.785 unit=us n=49906 gate=p99<=50us status=PASS
BENCH row=random_edits_1e5 col=delete p50=3.094 p99=8.768 unit=us n=50094 gate=p99<=50us status=PASS
BENCH row=random_edits_1e5 col=peak_mem p50=12993272 p99=12993272 unit=B n=1 gate=p99<=20987036B status=PASS
BENCH row=random_edits_1e5 col=pieces p50=149839 p99=149839 unit=count n=1 gate=none status=TRACK
BENCH row=random_edits_1e5 col=read_viewport p50=3.634 p99=5.543 unit=us n=300 gate=none status=TRACK
BENCH row=random_edits_1e5 col=byte_to_line p50=1.425 p99=4.273 unit=us n=1000 gate=none status=TRACK
BENCH row=random_edits_1e5 col=line_to_byte p50=1.589 p99=3.987 unit=us n=1000 gate=none status=TRACK

== random_edits_1e5 ==
col                             p50          p99 unit        n  gate                     status
open                          0.001        0.029 ms          3  none                     TRACK
first_op                      0.002        0.041 ms          3  none                     TRACK
mem_open                  82168.000    82168.000 B           1  p99<=2524288B            PASS
batch_total                 333.101      376.355 ms          3  none                     TRACK
insert                        2.860        7.785 us      49906  p99<=50us                PASS
delete                        3.094        8.768 us      50094  p99<=50us                PASS
peak_mem               12993272.000 12993272.000 B           1  p99<=20987036B           PASS
pieces                   149839.000   149839.000 count       1  none                     TRACK
read_viewport                 3.634        5.543 us        300  none                     TRACK
byte_to_line                  1.425        4.273 us       1000  none                     TRACK
line_to_byte                  1.589        3.987 us       1000  none                     TRACK
context: UI-thread slice ceiling 0.5 ms (perf s3); per-op gate 50 us (s2.6, inside G1)
note: batch_total gate (G9) includes a full frame; kernel passing is necessary, not sufficient
BENCH row=typing_1e4 col=open p50=0.818 p99=0.967 unit=ms n=3 gate=none status=TRACK
BENCH row=typing_1e4 col=first_op p50=0.824 p99=0.975 unit=ms n=3 gate=none status=TRACK
BENCH row=typing_1e4 col=mem_open p50=1065272 p99=1065272 unit=B n=1 gate=p99<=1376256B status=PASS
BENCH row=typing_1e4 col=batch_total p50=0.747 p99=1.605 unit=ms n=11 gate=none status=TRACK
BENCH row=typing_1e4 col=insert p50=0.052 p99=0.100 unit=us n=9474 gate=p99<=50us status=PASS
BENCH row=typing_1e4 col=delete p50=0.133 p99=0.196 unit=us n=526 gate=p99<=50us status=PASS
BENCH row=typing_1e4 col=peak_mem p50=1163704 p99=1163704 unit=B n=1 gate=p99<=1433108B status=PASS
BENCH row=typing_1e4 col=pieces p50=462 p99=462 unit=count n=1 gate=none status=TRACK
BENCH row=typing_1e4 col=read_viewport p50=2.473 p99=13.009 unit=us n=300 gate=none status=TRACK
BENCH row=typing_1e4 col=byte_to_line p50=1.547 p99=4.848 unit=us n=1000 gate=none status=TRACK
BENCH row=typing_1e4 col=line_to_byte p50=1.064 p99=1.908 unit=us n=1000 gate=none status=TRACK

== typing_1e4 ==
col                             p50          p99 unit        n  gate                     status
open                          0.818        0.967 ms          3  none                     TRACK
first_op                      0.824        0.975 ms          3  none                     TRACK
mem_open                1065272.000  1065272.000 B           1  p99<=1376256B            PASS
batch_total                   0.747        1.605 ms         11  none                     TRACK
insert                        0.052        0.100 us       9474  p99<=50us                PASS
delete                        0.133        0.196 us        526  p99<=50us                PASS
peak_mem                1163704.000  1163704.000 B           1  p99<=1433108B            PASS
pieces                      462.000      462.000 count       1  none                     TRACK
read_viewport                 2.473       13.009 us        300  none                     TRACK
byte_to_line                  1.547        4.848 us       1000  none                     TRACK
line_to_byte                  1.064        1.908 us       1000  none                     TRACK
context: UI-thread slice ceiling 0.5 ms (perf s3); per-op gate 50 us (s2.6, inside G1)
note: batch_total gate (G9) includes a full frame; kernel passing is necessary, not sufficient
BENCH row=undo_1e4 col=open p50=0.002 p99=0.030 unit=ms n=3 gate=none status=TRACK
BENCH row=undo_1e4 col=first_op p50=0.002 p99=0.042 unit=ms n=3 gate=none status=TRACK
BENCH row=undo_1e4 col=mem_open p50=82168 p99=82168 unit=B n=1 gate=p99<=2524288B status=PASS
BENCH row=undo_1e4 col=batch_total p50=20.669 p99=44.730 unit=ms n=11 gate=p50<=63ms,p99<=84ms status=PASS
BENCH row=undo_1e4 col=delete p50=0.428 p99=7.608 unit=us n=10000 gate=p99<=50us status=PASS
BENCH row=undo_1e4 col=insert_ref p50=0.195 p99=0.264 unit=us n=10000 gate=none status=TRACK
BENCH row=undo_1e4 col=peak_mem p50=1704312 p99=1704312 unit=B n=1 gate=p99<=4850184B status=PASS
BENCH row=undo_1e4 col=pieces p50=20005 p99=20005 unit=count n=1 gate=none status=TRACK
BENCH row=undo_1e4 col=read_viewport p50=3.000 p99=6.333 unit=us n=300 gate=none status=TRACK
BENCH row=undo_1e4 col=byte_to_line p50=4.577 p99=9.663 unit=us n=1000 gate=none status=TRACK
BENCH row=undo_1e4 col=line_to_byte p50=4.506 p99=9.392 unit=us n=1000 gate=none status=TRACK

== undo_1e4 ==
col                             p50          p99 unit        n  gate                     status
open                          0.002        0.030 ms          3  none                     TRACK
first_op                      0.002        0.042 ms          3  none                     TRACK
mem_open                  82168.000    82168.000 B           1  p99<=2524288B            PASS
batch_total                  20.669       44.730 ms         11  p50<=63ms,p99<=84ms      PASS
delete                        0.428        7.608 us      10000  p99<=50us                PASS
insert_ref                    0.195        0.264 us      10000  none                     TRACK
peak_mem                1704312.000  1704312.000 B           1  p99<=4850184B            PASS
pieces                    20005.000    20005.000 count       1  none                     TRACK
read_viewport                 3.000        6.333 us        300  none                     TRACK
byte_to_line                  4.577        9.663 us       1000  none                     TRACK
line_to_byte                  4.506        9.392 us       1000  none                     TRACK
context: UI-thread slice ceiling 0.5 ms (perf s3); per-op gate 50 us (s2.6, inside G1)
note: batch_total gate (G9) includes a full frame; kernel passing is necessary, not sufficient
BENCH row=undo_1e5 col=open p50=0.002 p99=0.030 unit=ms n=3 gate=none status=TRACK
BENCH row=undo_1e5 col=first_op p50=0.002 p99=0.042 unit=ms n=3 gate=none status=TRACK
BENCH row=undo_1e5 col=mem_open p50=82168 p99=82168 unit=B n=1 gate=p99<=2524288B status=PASS
BENCH row=undo_1e5 col=batch_total p50=385.218 p99=424.787 unit=ms n=3 gate=none status=TRACK
BENCH row=undo_1e5 col=delete p50=2.668 p99=9.447 unit=us n=100000 gate=p99<=50us status=PASS
BENCH row=undo_1e5 col=insert_ref p50=0.251 p99=0.349 unit=us n=100000 gate=none status=TRACK
BENCH row=undo_1e5 col=peak_mem p50=16220920 p99=16220920 unit=B n=1 gate=p99<=25814754B status=PASS
BENCH row=undo_1e5 col=pieces p50=200028 p99=200028 unit=count n=1 gate=none status=TRACK
BENCH row=undo_1e5 col=read_viewport p50=3.939 p99=5.795 unit=us n=300 gate=none status=TRACK
BENCH row=undo_1e5 col=byte_to_line p50=1.464 p99=4.270 unit=us n=1000 gate=none status=TRACK
BENCH row=undo_1e5 col=line_to_byte p50=1.650 p99=4.482 unit=us n=1000 gate=none status=TRACK

== undo_1e5 ==
col                             p50          p99 unit        n  gate                     status
open                          0.002        0.030 ms          3  none                     TRACK
first_op                      0.002        0.042 ms          3  none                     TRACK
mem_open                  82168.000    82168.000 B           1  p99<=2524288B            PASS
batch_total                 385.218      424.787 ms          3  none                     TRACK
delete                        2.668        9.447 us     100000  p99<=50us                PASS
insert_ref                    0.251        0.349 us     100000  none                     TRACK
peak_mem               16220920.000 16220920.000 B           1  p99<=25814754B           PASS
pieces                   200028.000   200028.000 count       1  none                     TRACK
read_viewport                 3.939        5.795 us        300  none                     TRACK
byte_to_line                  1.464        4.270 us       1000  none                     TRACK
line_to_byte                  1.650        4.482 us       1000  none                     TRACK
context: UI-thread slice ceiling 0.5 ms (perf s3); per-op gate 50 us (s2.6, inside G1)
note: batch_total gate (G9) includes a full frame; kernel passing is necessary, not sufficient
BENCH row=paste_1m col=paste_1m p50=0.317 p99=0.835 unit=ms n=20 gate=p50<=5ms,p99<=15ms status=PASS
BENCH row=paste_1m col=peak_mem p50=2130360 p99=2130360 unit=B n=1 gate=p99<=2688704B status=PASS
BENCH row=paste_1m col=pieces p50=18 p99=18 unit=count n=1 gate=none status=TRACK

== paste_1m ==
col                             p50          p99 unit        n  gate                     status
paste_1m                      0.317        0.835 ms         20  p50<=5ms,p99<=15ms       PASS
peak_mem                2130360.000  2130360.000 B           1  p99<=2688704B            PASS
pieces                       18.000       18.000 count       1  none                     TRACK
note: G9 1 MB paste 5 / 15 ms includes a full frame; kernel passing is necessary, not sufficient
BENCH row=snapshots_100 col=insert p50=0.456 p99=2.262 unit=us n=4967 gate=p99<=50us status=PASS
BENCH row=snapshots_100 col=delete p50=0.677 p99=6.082 unit=us n=5033 gate=p99<=50us status=PASS
BENCH row=snapshots_100 col=snapshot_take p50=0.039 p99=0.137 unit=us n=100 gate=none status=TRACK
BENCH row=snapshots_100 col=read_viewport p50=7.367 p99=18.400 unit=us n=100 gate=none status=TRACK
BENCH row=snapshots_100 col=peak_mem p50=6111672 p99=6111672 unit=B n=1 gate=none status=TRACK
BENCH row=snapshots_100 col=pathcopy_ref p50=19200000 p99=19200000 unit=B n=1 gate=none status=TRACK
BENCH row=snapshots_100 col=pieces p50=13868 p99=13868 unit=count n=1 gate=none status=TRACK
BENCH row=snapshots_100 col=snapshot_release_all p50=1.305 p99=1.305 unit=ms n=1 gate=none status=TRACK

== snapshots_100 ==
col                             p50          p99 unit        n  gate                     status
insert                        0.456        2.262 us       4967  p99<=50us                PASS
delete                        0.677        6.082 us       5033  p99<=50us                PASS
snapshot_take                 0.039        0.137 us        100  none                     TRACK
read_viewport                 7.367       18.400 us        100  none                     TRACK
peak_mem                6111672.000  6111672.000 B           1  none                     TRACK
pathcopy_ref           19200000.000 19200000.000 B           1  none                     TRACK
pieces                    13868.000    13868.000 count       1  none                     TRACK
snapshot_release_all          1.305        1.305 ms          1  none                     TRACK
context: UI-thread slice ceiling 0.5 ms (perf s3); per-op gate 50 us (s2.6, inside G1)
context: pathcopy_ref = 1920 B per edit while a snapshot is live (perf s2.6); peak_mem is TRACK, not gated
BENCH row=line_jump_1e7 col=open p50=0.020 p99=0.040 unit=ms n=5 gate=none status=TRACK
BENCH row=line_jump_1e7 col=line_to_byte_first p50=57.274 p99=79.665 unit=ms n=5 gate=p50<=30ms,p99<=50ms status=MISS
BENCH row=line_jump_1e7 col=line_to_byte p50=0.000 p99=0.000 unit=ms n=200 gate=none status=TRACK
BENCH row=line_jump_1e7 col=byte_to_line p50=0.015 p99=0.046 unit=ms n=200 gate=none status=TRACK

== line_jump_1e7 ==
col                             p50          p99 unit        n  gate                     status
open                          0.020        0.040 ms          5  none                     TRACK
line_to_byte_first           57.274       79.665 ms          5  p50<=30ms,p99<=50ms      MISS
line_to_byte                  0.000        0.000 ms        200  none                     TRACK
byte_to_line                  0.015        0.046 ms        200  none                     TRACK
context: G7j unindexed jump 30 / 50 ms is Target A, warm, [AC, prov]; this box is on battery
# piece_bench GATE MISS
