BENCH row=build col=text_size p50=17533 p99=17533 unit=B n=1 gate=none status=TRACK
# piece_bench quick=0 huge=0 cap=60s corpus=/tmp/edit-corpus power=Charging [AC]
BENCH row=code_1m col=open p50=0.075 p99=0.405 unit=ms n=20 gate=none status=TRACK
BENCH row=code_1m col=first_op p50=0.075 p99=0.409 unit=ms n=20 gate=none status=TRACK
BENCH row=code_1m col=mem_open p50=1065272 p99=1065272 unit=B n=1 gate=p99<=1376256B status=PASS
BENCH row=code_1m col=insert p50=0.337 p99=2.584 unit=us n=1024 gate=p99<=50us status=PASS
BENCH row=code_1m col=delete p50=0.476 p99=3.794 unit=us n=976 gate=p99<=50us status=PASS
BENCH row=code_1m col=peak_mem p50=1327544 p99=1327544 unit=B n=1 gate=p99<=1741703B status=PASS
BENCH row=code_1m col=pieces p50=2966 p99=2966 unit=count n=1 gate=none status=TRACK
BENCH row=code_1m col=read_viewport p50=5.607 p99=7.549 unit=us n=300 gate=none status=TRACK
BENCH row=code_1m col=byte_to_line p50=0.130 p99=0.215 unit=us n=1000 gate=none status=TRACK
BENCH row=code_1m col=line_to_byte p50=0.180 p99=0.430 unit=us n=1000 gate=none status=TRACK

== code_1m ==
col                             p50          p99 unit        n  gate                     status
open                          0.075        0.405 ms         20  none                     TRACK
first_op                      0.075        0.409 ms         20  none                     TRACK
mem_open                1065272.000  1065272.000 B           1  p99<=1376256B            PASS
insert                        0.337        2.584 us       1024  p99<=50us                PASS
delete                        0.476        3.794 us        976  p99<=50us                PASS
peak_mem                1327544.000  1327544.000 B           1  p99<=1741703B            PASS
pieces                     2966.000     2966.000 count       1  none                     TRACK
read_viewport                 5.607        7.549 us        300  none                     TRACK
byte_to_line                  0.130        0.215 us       1000  none                     TRACK
line_to_byte                  0.180        0.430 us       1000  none                     TRACK
context: G5 open warm 6 / 9 ms (s0.2), end-to-end incl. frame; not a gate here
context: UI-thread slice ceiling 0.5 ms (perf s3); per-op gate 50 us (s2.6, inside G1)
BENCH row=log_1g col=open p50=0.002 p99=0.033 unit=ms n=5 gate=none status=TRACK
BENCH row=log_1g col=first_op p50=0.002 p99=0.047 unit=ms n=5 gate=none status=TRACK
BENCH row=log_1g col=mem_open p50=82168 p99=82168 unit=B n=1 gate=p99<=2524288B status=PASS
BENCH row=log_1g col=insert p50=0.309 p99=13.043 unit=us n=1024 gate=p99<=50us status=PASS
BENCH row=log_1g col=delete p50=4.437 p99=13.034 unit=us n=976 gate=p99<=50us status=PASS
BENCH row=log_1g col=peak_mem p50=344440 p99=344440 unit=B n=1 gate=p99<=2895399B status=PASS
BENCH row=log_1g col=pieces p50=3025 p99=3025 unit=count n=1 gate=none status=TRACK
BENCH row=log_1g col=read_viewport p50=2.844 p99=3.470 unit=us n=300 gate=none status=TRACK
BENCH row=log_1g col=byte_to_line p50=4.818 p99=8.575 unit=us n=1000 gate=none status=TRACK
BENCH row=log_1g col=line_to_byte p50=4.747 p99=8.808 unit=us n=1000 gate=none status=TRACK

== log_1g ==
col                             p50          p99 unit        n  gate                     status
open                          0.002        0.033 ms          5  none                     TRACK
first_op                      0.002        0.047 ms          5  none                     TRACK
mem_open                  82168.000    82168.000 B           1  p99<=2524288B            PASS
insert                        0.309       13.043 us       1024  p99<=50us                PASS
delete                        4.437       13.034 us        976  p99<=50us                PASS
peak_mem                 344440.000   344440.000 B           1  p99<=2895399B            PASS
pieces                     3025.000     3025.000 count       1  none                     TRACK
read_viewport                 2.844        3.470 us        300  none                     TRACK
byte_to_line                  4.818        8.575 us       1000  none                     TRACK
line_to_byte                  4.747        8.808 us       1000  none                     TRACK
context: G5 open warm 6 / 9 ms (s0.2), end-to-end incl. frame; not a gate here
context: UI-thread slice ceiling 0.5 ms (perf s3); per-op gate 50 us (s2.6, inside G1)
BENCH row=oneline_1g col=open p50=0.002 p99=0.030 unit=ms n=5 gate=none status=TRACK
BENCH row=oneline_1g col=first_op p50=0.002 p99=0.044 unit=ms n=5 gate=none status=TRACK
BENCH row=oneline_1g col=mem_open p50=82168 p99=82168 unit=B n=1 gate=p99<=2524288B status=PASS
BENCH row=oneline_1g col=insert p50=0.307 p99=11.657 unit=us n=1024 gate=p99<=50us status=PASS
BENCH row=oneline_1g col=delete p50=4.151 p99=11.200 unit=us n=976 gate=p99<=50us status=PASS
BENCH row=oneline_1g col=peak_mem p50=344440 p99=344440 unit=B n=1 gate=p99<=2895399B status=PASS
BENCH row=oneline_1g col=pieces p50=3025 p99=3025 unit=count n=1 gate=none status=TRACK
BENCH row=oneline_1g col=read_viewport p50=2.469 p99=4.387 unit=us n=300 gate=none status=TRACK
BENCH row=oneline_1g col=byte_to_line p50=4.833 p99=9.273 unit=us n=1000 gate=none status=TRACK
BENCH row=oneline_1g col=line_to_byte p50=0.101 p99=0.305 unit=us n=1000 gate=none status=TRACK

== oneline_1g ==
col                             p50          p99 unit        n  gate                     status
open                          0.002        0.030 ms          5  none                     TRACK
first_op                      0.002        0.044 ms          5  none                     TRACK
mem_open                  82168.000    82168.000 B           1  p99<=2524288B            PASS
insert                        0.307       11.657 us       1024  p99<=50us                PASS
delete                        4.151       11.200 us        976  p99<=50us                PASS
peak_mem                 344440.000   344440.000 B           1  p99<=2895399B            PASS
pieces                     3025.000     3025.000 count       1  none                     TRACK
read_viewport                 2.469        4.387 us        300  none                     TRACK
byte_to_line                  4.833        9.273 us       1000  none                     TRACK
line_to_byte                  0.101        0.305 us       1000  none                     TRACK
context: G5 open warm 6 / 9 ms (s0.2), end-to-end incl. frame; not a gate here
context: UI-thread slice ceiling 0.5 ms (perf s3); per-op gate 50 us (s2.6, inside G1)
piece_bench: row oneline_10g SKIP (needs --huge)
BENCH row=oneline_10g col=open p50=0.000 p99=0.000 unit=ns n=0 gate=none status=SKIP

== oneline_10g ==
col                             p50          p99 unit        n  gate                     status
open                          0.000        0.000 ns          0  none                     SKIP
BENCH row=dense_short col=open p50=27.298 p99=28.895 unit=ms n=10 gate=none status=TRACK
BENCH row=dense_short col=first_op p50=27.298 p99=28.902 unit=ms n=10 gate=none status=TRACK
BENCH row=dense_short col=mem_open p50=67129592 p99=67129592 unit=B n=1 gate=p99<=83951616B status=PASS
BENCH row=dense_short col=insert p50=2.004 p99=7.625 unit=us n=1024 gate=p99<=50us status=PASS
BENCH row=dense_short col=delete p50=2.234 p99=8.350 unit=us n=976 gate=p99<=50us status=PASS
BENCH row=dense_short col=peak_mem p50=67391864 p99=67391864 unit=B n=1 gate=p99<=84322727B status=PASS
BENCH row=dense_short col=pieces p50=3025 p99=3025 unit=count n=1 gate=none status=TRACK
BENCH row=dense_short col=read_viewport p50=1.714 p99=2.074 unit=us n=300 gate=none status=TRACK
BENCH row=dense_short col=byte_to_line p50=1.726 p99=7.385 unit=us n=1000 gate=none status=TRACK
BENCH row=dense_short col=line_to_byte p50=3.131 p99=7.866 unit=us n=1000 gate=none status=TRACK

== dense_short ==
col                             p50          p99 unit        n  gate                     status
open                         27.298       28.895 ms         10  none                     TRACK
first_op                     27.298       28.902 ms         10  none                     TRACK
mem_open               67129592.000 67129592.000 B           1  p99<=83951616B           PASS
insert                        2.004        7.625 us       1024  p99<=50us                PASS
delete                        2.234        8.350 us        976  p99<=50us                PASS
peak_mem               67391864.000 67391864.000 B           1  p99<=84322727B           PASS
pieces                     3025.000     3025.000 count       1  none                     TRACK
read_viewport                 1.714        2.074 us        300  none                     TRACK
byte_to_line                  1.726        7.385 us       1000  none                     TRACK
line_to_byte                  3.131        7.866 us       1000  none                     TRACK
context: G5 open warm 6 / 9 ms (s0.2), end-to-end incl. frame; not a gate here
context: UI-thread slice ceiling 0.5 ms (perf s3); per-op gate 50 us (s2.6, inside G1)
BENCH row=random_edits_1e5 col=open p50=0.002 p99=0.044 unit=ms n=3 gate=none status=TRACK
BENCH row=random_edits_1e5 col=first_op p50=0.003 p99=0.063 unit=ms n=3 gate=none status=TRACK
BENCH row=random_edits_1e5 col=mem_open p50=82168 p99=82168 unit=B n=1 gate=p99<=2524288B status=PASS
BENCH row=random_edits_1e5 col=batch_total p50=343.648 p99=433.686 unit=ms n=3 gate=none status=TRACK
BENCH row=random_edits_1e5 col=insert p50=3.090 p99=8.777 unit=us n=49906 gate=p99<=50us status=PASS
BENCH row=random_edits_1e5 col=delete p50=3.333 p99=9.697 unit=us n=50094 gate=p99<=50us status=PASS
BENCH row=random_edits_1e5 col=peak_mem p50=12993272 p99=12993272 unit=B n=1 gate=p99<=20987036B status=PASS
BENCH row=random_edits_1e5 col=pieces p50=149839 p99=149839 unit=count n=1 gate=none status=TRACK
BENCH row=random_edits_1e5 col=read_viewport p50=3.557 p99=5.468 unit=us n=300 gate=none status=TRACK
BENCH row=random_edits_1e5 col=byte_to_line p50=1.310 p99=4.135 unit=us n=1000 gate=none status=TRACK
BENCH row=random_edits_1e5 col=line_to_byte p50=1.468 p99=3.778 unit=us n=1000 gate=none status=TRACK

== random_edits_1e5 ==
col                             p50          p99 unit        n  gate                     status
open                          0.002        0.044 ms          3  none                     TRACK
first_op                      0.003        0.063 ms          3  none                     TRACK
mem_open                  82168.000    82168.000 B           1  p99<=2524288B            PASS
batch_total                 343.648      433.686 ms          3  none                     TRACK
insert                        3.090        8.777 us      49906  p99<=50us                PASS
delete                        3.333        9.697 us      50094  p99<=50us                PASS
peak_mem               12993272.000 12993272.000 B           1  p99<=20987036B           PASS
pieces                   149839.000   149839.000 count       1  none                     TRACK
read_viewport                 3.557        5.468 us        300  none                     TRACK
byte_to_line                  1.310        4.135 us       1000  none                     TRACK
line_to_byte                  1.468        3.778 us       1000  none                     TRACK
context: UI-thread slice ceiling 0.5 ms (perf s3); per-op gate 50 us (s2.6, inside G1)
note: batch_total gate (G9) includes a full frame; kernel passing is necessary, not sufficient
BENCH row=typing_1e4 col=open p50=0.665 p99=0.782 unit=ms n=3 gate=none status=TRACK
BENCH row=typing_1e4 col=first_op p50=0.670 p99=0.791 unit=ms n=3 gate=none status=TRACK
BENCH row=typing_1e4 col=mem_open p50=1065272 p99=1065272 unit=B n=1 gate=p99<=1376256B status=PASS
BENCH row=typing_1e4 col=batch_total p50=1.292 p99=1.449 unit=ms n=11 gate=none status=TRACK
BENCH row=typing_1e4 col=insert p50=0.052 p99=0.102 unit=us n=9474 gate=p99<=50us status=PASS
BENCH row=typing_1e4 col=delete p50=0.136 p99=0.212 unit=us n=526 gate=p99<=50us status=PASS
BENCH row=typing_1e4 col=peak_mem p50=1163704 p99=1163704 unit=B n=1 gate=p99<=1433108B status=PASS
BENCH row=typing_1e4 col=pieces p50=462 p99=462 unit=count n=1 gate=none status=TRACK
BENCH row=typing_1e4 col=read_viewport p50=3.208 p99=16.561 unit=us n=300 gate=none status=TRACK
BENCH row=typing_1e4 col=byte_to_line p50=1.988 p99=6.217 unit=us n=1000 gate=none status=TRACK
BENCH row=typing_1e4 col=line_to_byte p50=1.415 p99=3.396 unit=us n=1000 gate=none status=TRACK

== typing_1e4 ==
col                             p50          p99 unit        n  gate                     status
open                          0.665        0.782 ms          3  none                     TRACK
first_op                      0.670        0.791 ms          3  none                     TRACK
mem_open                1065272.000  1065272.000 B           1  p99<=1376256B            PASS
batch_total                   1.292        1.449 ms         11  none                     TRACK
insert                        0.052        0.102 us       9474  p99<=50us                PASS
delete                        0.136        0.212 us        526  p99<=50us                PASS
peak_mem                1163704.000  1163704.000 B           1  p99<=1433108B            PASS
pieces                      462.000      462.000 count       1  none                     TRACK
read_viewport                 3.208       16.561 us        300  none                     TRACK
byte_to_line                  1.988        6.217 us       1000  none                     TRACK
line_to_byte                  1.415        3.396 us       1000  none                     TRACK
context: UI-thread slice ceiling 0.5 ms (perf s3); per-op gate 50 us (s2.6, inside G1)
note: batch_total gate (G9) includes a full frame; kernel passing is necessary, not sufficient
BENCH row=undo_1e4 col=open p50=0.002 p99=0.033 unit=ms n=3 gate=none status=TRACK
BENCH row=undo_1e4 col=first_op p50=0.002 p99=0.046 unit=ms n=3 gate=none status=TRACK
BENCH row=undo_1e4 col=mem_open p50=82168 p99=82168 unit=B n=1 gate=p99<=2524288B status=PASS
BENCH row=undo_1e4 col=batch_total p50=20.193 p99=44.943 unit=ms n=11 gate=p50<=63ms,p99<=84ms status=PASS
BENCH row=undo_1e4 col=delete p50=0.430 p99=7.685 unit=us n=10000 gate=p99<=50us status=PASS
BENCH row=undo_1e4 col=insert_ref p50=0.196 p99=0.290 unit=us n=10000 gate=none status=TRACK
BENCH row=undo_1e4 col=peak_mem p50=1704312 p99=1704312 unit=B n=1 gate=p99<=4850184B status=PASS
BENCH row=undo_1e4 col=pieces p50=20005 p99=20005 unit=count n=1 gate=none status=TRACK
BENCH row=undo_1e4 col=read_viewport p50=3.039 p99=4.858 unit=us n=300 gate=none status=TRACK
BENCH row=undo_1e4 col=byte_to_line p50=4.933 p99=10.676 unit=us n=1000 gate=none status=TRACK
BENCH row=undo_1e4 col=line_to_byte p50=4.553 p99=9.560 unit=us n=1000 gate=none status=TRACK

== undo_1e4 ==
col                             p50          p99 unit        n  gate                     status
open                          0.002        0.033 ms          3  none                     TRACK
first_op                      0.002        0.046 ms          3  none                     TRACK
mem_open                  82168.000    82168.000 B           1  p99<=2524288B            PASS
batch_total                  20.193       44.943 ms         11  p50<=63ms,p99<=84ms      PASS
delete                        0.430        7.685 us      10000  p99<=50us                PASS
insert_ref                    0.196        0.290 us      10000  none                     TRACK
peak_mem                1704312.000  1704312.000 B           1  p99<=4850184B            PASS
pieces                    20005.000    20005.000 count       1  none                     TRACK
read_viewport                 3.039        4.858 us        300  none                     TRACK
byte_to_line                  4.933       10.676 us       1000  none                     TRACK
line_to_byte                  4.553        9.560 us       1000  none                     TRACK
context: UI-thread slice ceiling 0.5 ms (perf s3); per-op gate 50 us (s2.6, inside G1)
note: batch_total gate (G9) includes a full frame; kernel passing is necessary, not sufficient
BENCH row=undo_1e5 col=open p50=0.002 p99=0.030 unit=ms n=3 gate=none status=TRACK
BENCH row=undo_1e5 col=first_op p50=0.002 p99=0.045 unit=ms n=3 gate=none status=TRACK
BENCH row=undo_1e5 col=mem_open p50=82168 p99=82168 unit=B n=1 gate=p99<=2524288B status=PASS
BENCH row=undo_1e5 col=batch_total p50=386.660 p99=458.438 unit=ms n=3 gate=none status=TRACK
BENCH row=undo_1e5 col=delete p50=2.607 p99=8.747 unit=us n=100000 gate=p99<=50us status=PASS
BENCH row=undo_1e5 col=insert_ref p50=0.252 p99=0.355 unit=us n=100000 gate=none status=TRACK
BENCH row=undo_1e5 col=peak_mem p50=16220920 p99=16220920 unit=B n=1 gate=p99<=25814754B status=PASS
BENCH row=undo_1e5 col=pieces p50=200028 p99=200028 unit=count n=1 gate=none status=TRACK
BENCH row=undo_1e5 col=read_viewport p50=3.899 p99=5.615 unit=us n=300 gate=none status=TRACK
BENCH row=undo_1e5 col=byte_to_line p50=1.427 p99=4.535 unit=us n=1000 gate=none status=TRACK
BENCH row=undo_1e5 col=line_to_byte p50=1.621 p99=4.379 unit=us n=1000 gate=none status=TRACK

== undo_1e5 ==
col                             p50          p99 unit        n  gate                     status
open                          0.002        0.030 ms          3  none                     TRACK
first_op                      0.002        0.045 ms          3  none                     TRACK
mem_open                  82168.000    82168.000 B           1  p99<=2524288B            PASS
batch_total                 386.660      458.438 ms          3  none                     TRACK
delete                        2.607        8.747 us     100000  p99<=50us                PASS
insert_ref                    0.252        0.355 us     100000  none                     TRACK
peak_mem               16220920.000 16220920.000 B           1  p99<=25814754B           PASS
pieces                   200028.000   200028.000 count       1  none                     TRACK
read_viewport                 3.899        5.615 us        300  none                     TRACK
byte_to_line                  1.427        4.535 us       1000  none                     TRACK
line_to_byte                  1.621        4.379 us       1000  none                     TRACK
context: UI-thread slice ceiling 0.5 ms (perf s3); per-op gate 50 us (s2.6, inside G1)
note: batch_total gate (G9) includes a full frame; kernel passing is necessary, not sufficient
BENCH row=paste_1m col=paste_1m p50=0.316 p99=0.750 unit=ms n=20 gate=p50<=5ms,p99<=15ms status=PASS
BENCH row=paste_1m col=peak_mem p50=2130360 p99=2130360 unit=B n=1 gate=p99<=2688704B status=PASS
BENCH row=paste_1m col=pieces p50=18 p99=18 unit=count n=1 gate=none status=TRACK

== paste_1m ==
col                             p50          p99 unit        n  gate                     status
paste_1m                      0.316        0.750 ms         20  p50<=5ms,p99<=15ms       PASS
peak_mem                2130360.000  2130360.000 B           1  p99<=2688704B            PASS
pieces                       18.000       18.000 count       1  none                     TRACK
note: G9 1 MB paste 5 / 15 ms includes a full frame; kernel passing is necessary, not sufficient
BENCH row=snapshots_100 col=insert p50=0.383 p99=1.665 unit=us n=4967 gate=p99<=50us status=PASS
BENCH row=snapshots_100 col=delete p50=0.569 p99=5.328 unit=us n=5033 gate=p99<=50us status=PASS
BENCH row=snapshots_100 col=snapshot_take p50=0.031 p99=0.051 unit=us n=100 gate=none status=TRACK
BENCH row=snapshots_100 col=read_viewport p50=6.006 p99=17.972 unit=us n=100 gate=none status=TRACK
BENCH row=snapshots_100 col=peak_mem p50=6111672 p99=6111672 unit=B n=1 gate=none status=TRACK
BENCH row=snapshots_100 col=pathcopy_ref p50=19200000 p99=19200000 unit=B n=1 gate=none status=TRACK
BENCH row=snapshots_100 col=pieces p50=13868 p99=13868 unit=count n=1 gate=none status=TRACK
BENCH row=snapshots_100 col=snapshot_release_all p50=1.328 p99=1.328 unit=ms n=1 gate=none status=TRACK

== snapshots_100 ==
col                             p50          p99 unit        n  gate                     status
insert                        0.383        1.665 us       4967  p99<=50us                PASS
delete                        0.569        5.328 us       5033  p99<=50us                PASS
snapshot_take                 0.031        0.051 us        100  none                     TRACK
read_viewport                 6.006       17.972 us        100  none                     TRACK
peak_mem                6111672.000  6111672.000 B           1  none                     TRACK
pathcopy_ref           19200000.000 19200000.000 B           1  none                     TRACK
pieces                    13868.000    13868.000 count       1  none                     TRACK
snapshot_release_all          1.328        1.328 ms          1  none                     TRACK
context: UI-thread slice ceiling 0.5 ms (perf s3); per-op gate 50 us (s2.6, inside G1)
context: pathcopy_ref = 1920 B per edit while a snapshot is live (perf s2.6); peak_mem is TRACK, not gated
BENCH row=line_jump_1e7 col=open p50=0.013 p99=0.030 unit=ms n=5 gate=none status=TRACK
BENCH row=line_jump_1e7 col=line_to_byte_first p50=83.178 p99=86.539 unit=ms n=5 gate=p50<=30ms,p99<=50ms status=MISS
BENCH row=line_jump_1e7 col=line_to_byte p50=0.000 p99=0.000 unit=ms n=200 gate=none status=TRACK
BENCH row=line_jump_1e7 col=byte_to_line p50=0.026 p99=0.098 unit=ms n=200 gate=none status=TRACK

== line_jump_1e7 ==
col                             p50          p99 unit        n  gate                     status
open                          0.013        0.030 ms          5  none                     TRACK
line_to_byte_first           83.178       86.539 ms          5  p50<=30ms,p99<=50ms      MISS
line_to_byte                  0.000        0.000 ms        200  none                     TRACK
byte_to_line                  0.026        0.098 ms        200  none                     TRACK
context: G7j unindexed jump 30 / 50 ms is Target A, warm, [AC, prov]; this box is on battery
# piece_bench GATE MISS
